Archive member included to satisfy reference by file (symbol)

c:/program files (x86)/atmel/studio/7.0/toolchain/avr8/avr8-gnu-toolchain/bin/../lib/gcc/avr/5.4.0/../../../../avr/lib/avr5\libm.a(addsf3.o)
                              services/eCompass_service.o (__addsf3)
c:/program files (x86)/atmel/studio/7.0/toolchain/avr8/avr8-gnu-toolchain/bin/../lib/gcc/avr/5.4.0/../../../../avr/lib/avr5\libm.a(addsf3x.o)
                              c:/program files (x86)/atmel/studio/7.0/toolchain/avr8/avr8-gnu-toolchain/bin/../lib/gcc/avr/5.4.0/../../../../avr/lib/avr5\libm.a(addsf3.o) (__addsf3x)
c:/program files (x86)/atmel/studio/7.0/toolchain/avr8/avr8-gnu-toolchain/bin/../lib/gcc/avr/5.4.0/../../../../avr/lib/avr5\libm.a(fixsfsi.o)
                              services/eCompass_service.o (__fixsfsi)
c:/program files (x86)/atmel/studio/7.0/toolchain/avr8/avr8-gnu-toolchain/bin/../lib/gcc/avr/5.4.0/../../../../avr/lib/avr5\libm.a(fixunssfsi.o)
                              c:/program files (x86)/atmel/studio/7.0/toolchain/avr8/avr8-gnu-toolchain/bin/../lib/gcc/avr/5.4.0/../../../../avr/lib/avr5\libm.a(fixsfsi.o) (__fixunssfsi)
c:/program files (x86)/atmel/studio/7.0/toolchain/avr8/avr8-gnu-toolchain/bin/../lib/gcc/avr/5.4.0/../../../../avr/lib/avr5\libm.a(floatsisf.o)
                              services/eCompass_service.o (__floatsisf)
c:/program files (x86)/atmel/studio/7.0/toolchain/avr8/avr8-gnu-toolchain/bin/../lib/gcc/avr/5.4.0/../../../../avr/lib/avr5\libm.a(fp_inf.o)
                              c:/program files (x86)/atmel/studio/7.0/toolchain/avr8/avr8-gnu-toolchain/bin/../lib/gcc/avr/5.4.0/../../../../avr/lib/avr5\libm.a(addsf3x.o) (__fp_inf)
c:/program files (x86)/atmel/studio/7.0/toolchain/avr8/avr8-gnu-toolchain/bin/../lib/gcc/avr/5.4.0/../../../../avr/lib/avr5\libm.a(fp_nan.o)
                              c:/program files (x86)/atmel/studio/7.0/toolchain/avr8/avr8-gnu-toolchain/bin/../lib/gcc/avr/5.4.0/../../../../avr/lib/avr5\libm.a(addsf3x.o) (__fp_nan)
c:/program files (x86)/atmel/studio/7.0/toolchain/avr8/avr8-gnu-toolchain/bin/../lib/gcc/avr/5.4.0/../../../../avr/lib/avr5\libm.a(fp_pscA.o)
                              c:/program files (x86)/atmel/studio/7.0/toolchain/avr8/avr8-gnu-toolchain/bin/../lib/gcc/avr/5.4.0/../../../../avr/lib/avr5\libm.a(addsf3x.o) (__fp_pscA)
c:/program files (x86)/atmel/studio/7.0/toolchain/avr8/avr8-gnu-toolchain/bin/../lib/gcc/avr/5.4.0/../../../../avr/lib/avr5\libm.a(fp_pscB.o)
                              c:/program files (x86)/atmel/studio/7.0/toolchain/avr8/avr8-gnu-toolchain/bin/../lib/gcc/avr/5.4.0/../../../../avr/lib/avr5\libm.a(addsf3x.o) (__fp_pscB)
c:/program files (x86)/atmel/studio/7.0/toolchain/avr8/avr8-gnu-toolchain/bin/../lib/gcc/avr/5.4.0/../../../../avr/lib/avr5\libm.a(fp_round.o)
                              c:/program files (x86)/atmel/studio/7.0/toolchain/avr8/avr8-gnu-toolchain/bin/../lib/gcc/avr/5.4.0/../../../../avr/lib/avr5\libm.a(addsf3.o) (__fp_round)
c:/program files (x86)/atmel/studio/7.0/toolchain/avr8/avr8-gnu-toolchain/bin/../lib/gcc/avr/5.4.0/../../../../avr/lib/avr5\libm.a(fp_split3.o)
                              c:/program files (x86)/atmel/studio/7.0/toolchain/avr8/avr8-gnu-toolchain/bin/../lib/gcc/avr/5.4.0/../../../../avr/lib/avr5\libm.a(addsf3x.o) (__fp_split3)
c:/program files (x86)/atmel/studio/7.0/toolchain/avr8/avr8-gnu-toolchain/bin/../lib/gcc/avr/5.4.0/../../../../avr/lib/avr5\libm.a(fp_zero.o)
                              c:/program files (x86)/atmel/studio/7.0/toolchain/avr8/avr8-gnu-toolchain/bin/../lib/gcc/avr/5.4.0/../../../../avr/lib/avr5\libm.a(addsf3x.o) (__fp_zero)
c:/program files (x86)/atmel/studio/7.0/toolchain/avr8/avr8-gnu-toolchain/bin/../lib/gcc/avr/5.4.0/../../../../avr/lib/avr5\libm.a(mulsf3.o)
                              services/eCompass_service.o (__mulsf3)
c:/program files (x86)/atmel/studio/7.0/toolchain/avr8/avr8-gnu-toolchain/bin/../lib/gcc/avr/5.4.0/../../../../avr/lib/avr5\libm.a(mulsf3x.o)
                              c:/program files (x86)/atmel/studio/7.0/toolchain/avr8/avr8-gnu-toolchain/bin/../lib/gcc/avr/5.4.0/../../../../avr/lib/avr5\libm.a(mulsf3.o) (__mulsf3x)
c:/program files (x86)/atmel/studio/7.0/toolchain/avr8/avr8-gnu-toolchain/bin/../lib/gcc/avr/5.4.0/avr5\libgcc.a(_mulsi3.o)
                              math/atan.o (__mulsi3)
c:/program files (x86)/atmel/studio/7.0/toolchain/avr8/avr8-gnu-toolchain/bin/../lib/gcc/avr/5.4.0/avr5\libgcc.a(_udivmodhi4.o)
                              drivers/lsm303agr.o (__udivmodhi4)
c:/program files (x86)/atmel/studio/7.0/toolchain/avr8/avr8-gnu-toolchain/bin/../lib/gcc/avr/5.4.0/avr5\libgcc.a(_divmodhi4.o)
                              lcd.o (__divmodhi4)
c:/program files (x86)/atmel/studio/7.0/toolchain/avr8/avr8-gnu-toolchain/bin/../lib/gcc/avr/5.4.0/avr5\libgcc.a(_udivmodsi4.o)
                              hal/twi/twi_hal.o (__udivmodsi4)
[...]
Memory Configuration

Name             Origin             Length             Attributes
text             0x00000000         0x00008000         xr
data             0x00800100         0x00000800         rw !x
eeprom           0x00810000         0x00000400         rw !x
fuse             0x00820000         0x00000003         rw !x
lock             0x00830000         0x00000400         rw !x
signature        0x00840000         0x00000400         rw !x
user_signatures  0x00850000         0x00000400         rw !x
*default*        0x00000000         0xffffffff

Linker script and memory map

Address of section .data set to 0x800100
LOAD C:/Program Files (x86)/Atmel/Studio/7.0/Packs/atmel/ATmega_DFP/1.7.374/gcc/dev/atmega328p/avr5/crtatmega328p.o
LOAD cli/cli.o
LOAD hal/btn/btn_hal.o
LOAD hal/spi/spi_hal.o
LOAD hal/twi/twi_hal.o
LOAD hal/uart_hal/uart_hal.o
LOAD drivers/lsm303agr.o
LOAD lcd.o
LOAD main.o
LOAD main_u8g2.o
LOAD math/atan.o
LOAD math/idiv.o
LOAD math/itrig.o
LOAD math/mag_calibration.o
LOAD math/sin.o
LOAD math/tiltcomp.o
LOAD services/button_service.o
LOAD services/eCompass_service.o
LOAD services/twi_service.o
LOAD services/uart_service.o
LOAD state/state.o
LOAD state/state_machine.o
LOAD timer/timer.o
LOAD u8g2/csrc/mui.o
LOAD u8g2/csrc/mui_u8g2.o
LOAD u8g2/csrc/u8g2_arc.o
LOAD u8g2/csrc/u8g2_bitmap.o
LOAD u8g2/csrc/u8g2_box.o
LOAD u8g2/csrc/u8g2_buffer.o
LOAD u8g2/csrc/u8g2_button.o
LOAD u8g2/csrc/u8g2_circle.o
LOAD u8g2/csrc/u8g2_cleardisplay.o
LOAD u8g2/csrc/u8g2_d_memory.o
LOAD u8g2/csrc/u8g2_d_setup.o
LOAD u8g2/csrc/u8g2_font.o
LOAD u8g2/csrc/u8g2_fonts.o
LOAD u8g2/csrc/u8g2_hvline.o
LOAD u8g2/csrc/u8g2_input_value.o
LOAD u8g2/csrc/u8g2_intersection.o
LOAD u8g2/csrc/u8g2_kerning.o
LOAD u8g2/csrc/u8g2_line.o
LOAD u8g2/csrc/u8g2_ll_hvline.o
LOAD u8g2/csrc/u8g2_message.o
LOAD u8g2/csrc/u8g2_polygon.o
LOAD u8g2/csrc/u8g2_selection_list.o
LOAD u8g2/csrc/u8g2_setup.o
LOAD u8g2/csrc/u8log.o
LOAD u8g2/csrc/u8log_u8g2.o
LOAD u8g2/csrc/u8log_u8x8.o
LOAD u8g2/csrc/u8x8_8x8.o
LOAD u8g2/csrc/u8x8_byte.o
LOAD u8g2/csrc/u8x8_cad.o
LOAD u8g2/csrc/u8x8_capture.o
LOAD u8g2/csrc/u8x8_debounce.o
LOAD u8g2/csrc/u8x8_display.o
LOAD u8g2/csrc/u8x8_d_a2printer.o
LOAD u8g2/csrc/u8x8_d_ch1120.o
LOAD u8g2/csrc/u8x8_d_gp1247ai.o
LOAD u8g2/csrc/u8x8_d_gp1287ai.o
LOAD u8g2/csrc/u8x8_d_gp1294ai.o
LOAD u8g2/csrc/u8x8_d_gu800.o
LOAD u8g2/csrc/u8x8_d_hd44102.o
LOAD u8g2/csrc/u8x8_d_il3820_296x128.o
LOAD u8g2/csrc/u8x8_d_ist3020.o
LOAD u8g2/csrc/u8x8_d_ist3088.o
LOAD u8g2/csrc/u8x8_d_ist7920.o
LOAD u8g2/csrc/u8x8_d_ks0108.o
LOAD u8g2/csrc/u8x8_d_lc7981.o
LOAD u8g2/csrc/u8x8_d_ld7032_60x32.o
LOAD u8g2/csrc/u8x8_d_ls013b7dh03.o
LOAD u8g2/csrc/u8x8_d_max7219.o
LOAD u8g2/csrc/u8x8_d_pcd8544_84x48.o
LOAD u8g2/csrc/u8x8_d_pcf8812.o
LOAD u8g2/csrc/u8x8_d_pcf8814_hx1230.o
LOAD u8g2/csrc/u8x8_d_s1d15300.o
LOAD u8g2/csrc/u8x8_d_s1d15721.o
LOAD u8g2/csrc/u8x8_d_s1d15e06.o
LOAD u8g2/csrc/u8x8_d_sbn1661.o
LOAD u8g2/csrc/u8x8_d_sed1330.o
LOAD u8g2/csrc/u8x8_d_sh1106_64x32.o
LOAD u8g2/csrc/u8x8_d_sh1106_72x40.o
LOAD u8g2/csrc/u8x8_d_sh1107.o
LOAD u8g2/csrc/u8x8_d_sh1108.o
LOAD u8g2/csrc/u8x8_d_sh1122.o
LOAD u8g2/csrc/u8x8_d_ssd1305.o
LOAD u8g2/csrc/u8x8_d_ssd1306_128x32.o
LOAD u8g2/csrc/u8x8_d_ssd1306_128x64_noname.o
LOAD u8g2/csrc/u8x8_d_ssd1306_2040x16.o
LOAD u8g2/csrc/u8x8_d_ssd1306_48x64.o
LOAD u8g2/csrc/u8x8_d_ssd1306_64x32.o
LOAD u8g2/csrc/u8x8_d_ssd1306_64x48.o
LOAD u8g2/csrc/u8x8_d_ssd1306_72x40.o
LOAD u8g2/csrc/u8x8_d_ssd1306_96x16.o
LOAD u8g2/csrc/u8x8_d_ssd1306_96x40.o
LOAD u8g2/csrc/u8x8_d_ssd1309.o
LOAD u8g2/csrc/u8x8_d_ssd1312.o
LOAD u8g2/csrc/u8x8_d_ssd1315_128x64_noname.o
LOAD u8g2/csrc/u8x8_d_ssd1316.o
LOAD u8g2/csrc/u8x8_d_ssd1317.o
LOAD u8g2/csrc/u8x8_d_ssd1318.o
LOAD u8g2/csrc/u8x8_d_ssd1320.o
LOAD u8g2/csrc/u8x8_d_ssd1322.o
LOAD u8g2/csrc/u8x8_d_ssd1325.o
LOAD u8g2/csrc/u8x8_d_ssd1326.o
LOAD u8g2/csrc/u8x8_d_ssd1327.o
LOAD u8g2/csrc/u8x8_d_ssd1329.o
LOAD u8g2/csrc/u8x8_d_ssd1362.o
LOAD u8g2/csrc/u8x8_d_ssd1363.o
LOAD u8g2/csrc/u8x8_d_ssd1606_172x72.o
LOAD u8g2/csrc/u8x8_d_ssd1607_200x200.o
LOAD u8g2/csrc/u8x8_d_st7302.o
LOAD u8g2/csrc/u8x8_d_st7305.o
LOAD u8g2/csrc/u8x8_d_st7511.o
LOAD u8g2/csrc/u8x8_d_st75160.o
LOAD u8g2/csrc/u8x8_d_st75161.o
LOAD u8g2/csrc/u8x8_d_st75256.o
LOAD u8g2/csrc/u8x8_d_st7528.o
LOAD u8g2/csrc/u8x8_d_st75320.o
LOAD u8g2/csrc/u8x8_d_st7539.o
LOAD u8g2/csrc/u8x8_d_st7565.o
LOAD u8g2/csrc/u8x8_d_st7567.o
LOAD u8g2/csrc/u8x8_d_st7571.o
LOAD u8g2/csrc/u8x8_d_st7586s_erc240160.o
LOAD u8g2/csrc/u8x8_d_st7586s_jlx320160.o
LOAD u8g2/csrc/u8x8_d_st7586s_jlx384160.o
LOAD u8g2/csrc/u8x8_d_st7586s_md240128.o
LOAD u8g2/csrc/u8x8_d_st7586s_s028hn118a.o
LOAD u8g2/csrc/u8x8_d_st7586s_ymc240160.o
LOAD u8g2/csrc/u8x8_d_st7588.o
LOAD u8g2/csrc/u8x8_d_st7920.o
LOAD u8g2/csrc/u8x8_d_stdio.o
LOAD u8g2/csrc/u8x8_d_t6963.o
LOAD u8g2/csrc/u8x8_d_uc1601.o
LOAD u8g2/csrc/u8x8_d_uc1604.o
LOAD u8g2/csrc/u8x8_d_uc1608.o
LOAD u8g2/csrc/u8x8_d_uc1609.o
LOAD u8g2/csrc/u8x8_d_uc1610.o
LOAD u8g2/csrc/u8x8_d_uc1611.o
LOAD u8g2/csrc/u8x8_d_uc1617.o
LOAD u8g2/csrc/u8x8_d_uc1628.o
LOAD u8g2/csrc/u8x8_d_uc1638.o
LOAD u8g2/csrc/u8x8_d_uc1701_dogs102.o
LOAD u8g2/csrc/u8x8_d_uc1701_mini12864.o
LOAD u8g2/csrc/u8x8_fonts.o
LOAD u8g2/csrc/u8x8_gpio.o
LOAD u8g2/csrc/u8x8_input_value.o
LOAD u8g2/csrc/u8x8_message.o
LOAD u8g2/csrc/u8x8_selection_list.o
LOAD u8g2/csrc/u8x8_setup.o
LOAD u8g2/csrc/u8x8_string.o
LOAD u8g2/csrc/u8x8_u16toa.o
LOAD u8g2/csrc/u8x8_u8toa.o
LOAD u8g2/lib/u8x8_avr.o
LOAD utils/format.o
LOAD utils/led.o
LOAD utils/ring_buffer.o
LOAD utils/utils.o
START GROUP
LOAD c:/program files (x86)/atmel/studio/7.0/toolchain/avr8/avr8-gnu-toolchain/bin/../lib/gcc/avr/5.4.0/../../../../avr/lib/avr5\libm.a
END GROUP
START GROUP
LOAD c:/program files (x86)/atmel/studio/7.0/toolchain/avr8/avr8-gnu-toolchain/bin/../lib/gcc/avr/5.4.0/avr5\libgcc.a
LOAD c:/program files (x86)/atmel/studio/7.0/toolchain/avr8/avr8-gnu-toolchain/bin/../lib/gcc/avr/5.4.0/../../../../avr/lib/avr5\libm.a
LOAD c:/program files (x86)/atmel/studio/7.0/toolchain/avr8/avr8-gnu-toolchain/bin/../lib/gcc/avr/5.4.0/../../../../avr/lib/avr5\libc.a
LOAD C:/Program Files (x86)/Atmel/Studio/7.0/Packs/atmel/ATmega_DFP/1.7.374/gcc/dev/atmega328p/avr5\libatmega328p.a
END GROUP
                0x00000000                __TEXT_REGION_ORIGIN__ = DEFINED (__TEXT_REGION_ORIGIN__)?__TEXT_REGION_ORIGIN__:0x0
                [0x00800100]                __DATA_REGION_ORIGIN__ = DEFINED (__DATA_REGION_ORIGIN__)?__DATA_REGION_ORIGIN__:0x800060
                [0x00008000]                __TEXT_REGION_LENGTH__ = DEFINED (__TEXT_REGION_LENGTH__)?__TEXT_REGION_LENGTH__:0x20000
                [0x00000800]                __DATA_REGION_LENGTH__ = DEFINED (__DATA_REGION_LENGTH__)?__DATA_REGION_LENGTH__:0xffa0
                [0x00000400]                __EEPROM_REGION_LENGTH__ = DEFINED (__EEPROM_REGION_LENGTH__)?__EEPROM_REGION_LENGTH__:0x10000
                [0x00000003]                __FUSE_REGION_LENGTH__ = DEFINED (__FUSE_REGION_LENGTH__)?__FUSE_REGION_LENGTH__:0x400
                0x00000400                __LOCK_REGION_LENGTH__ = DEFINED (__LOCK_REGION_LENGTH__)?__LOCK_REGION_LENGTH__:0x400
                0x00000400                __SIGNATURE_REGION_LENGTH__ = DEFINED (__SIGNATURE_REGION_LENGTH__)?__SIGNATURE_REGION_LENGTH__:0x400
                0x00000400                __USER_SIGNATURE_REGION_LENGTH__ = DEFINED (__USER_SIGNATURE_REGION_LENGTH__)?__USER_SIGNATURE_REGION_LENGTH__:0x400

.hash
 *(.hash)

.dynsym
 *(.dynsym)

.dynstr
 *(.dynstr)

.gnu.version
 *(.gnu.version)

.gnu.version_d
 *(.gnu.version_d)

.gnu.version_r
 *(.gnu.version_r)

.rel.init
 *(.rel.init)

.rela.init
 *(.rela.init)

.rel.text
 *(.rel.text)
 *(.rel.text.*)
 *(.rel.gnu.linkonce.t*)

.rela.text
 *(.rela.text)
 *(.rela.text.*)
 *(.rela.gnu.linkonce.t*)

.rel.fini
 *(.rel.fini)

.rela.fini
 *(.rela.fini)

.rel.rodata
 *(.rel.rodata)
 *(.rel.rodata.*)
 *(.rel.gnu.linkonce.r*)

.rela.rodata
 *(.rela.rodata)
 *(.rela.rodata.*)
 *(.rela.gnu.linkonce.r*)

.rel.data
 *(.rel.data)
 *(.rel.data.*)
 *(.rel.gnu.linkonce.d*)

.rela.data
 *(.rela.data)
 *(.rela.data.*)
 *(.rela.gnu.linkonce.d*)

.rel.ctors
 *(.rel.ctors)

.rela.ctors
 *(.rela.ctors)

.rel.dtors
 *(.rel.dtors)

.rela.dtors
 *(.rela.dtors)

.rel.got
 *(.rel.got)

.rela.got
 *(.rela.got)

.rel.bss
 *(.rel.bss)

.rela.bss
 *(.rela.bss)

.rel.plt
 *(.rel.plt)

.rela.plt
 *(.rela.plt)

.text           0x00000000     0x6944
 *(.vectors)
 .vectors       0x00000000       0x68 C:/Program Files (x86)/Atmel/Studio/7.0/Packs/atmel/ATmega_DFP/1.7.374/gcc/dev/atmega328p/avr5/crtatmega328p.o
                0x00000000                __vectors
                0x00000000                __vector_default
 *(.vectors)
 *(.progmem.gcc*)
 .progmem.gcc_sw_table.app_process
                0x00000068       0x10 main.o
 .progmem.gcc_sw_table.state_machine_step
                0x00000078        0xe state/state_machine.o
                0x00000086                . = ALIGN (0x2)
                0x00000086                __trampolines_start = .
 *(.trampolines)
 .trampolines   0x00000086        0x0 linker stubs
 *(.trampolines*)
                0x00000086                __trampolines_end = .
 *libprintf_flt.a:*(.progmem.data)
 *libc.a:*(.progmem.data)
 *(.progmem*)
 .progmem.data.sin360
                0x00000086      0x2d2 math/sin.o
                0x00000086                sin360
 .progmem.u8g2_font_7x13B_tf
                0x00000358      0x8cd u8g2/csrc/u8g2_fonts.o
                0x00000358                u8g2_font_7x13B_tf
 .progmem.u8g2_font_5x8_tf
                0x00000c25      0x6b3 u8g2/csrc/u8g2_fonts.o
                0x00000c25                u8g2_font_5x8_tf
                0x000012d8                . = ALIGN (0x2)
 *(.jumptables)
 *(.jumptables*)
 *(.lowtext)
 *(.lowtext*)
                0x000012d8                __ctors_start = .
 *(.ctors)
                0x000012d8                __ctors_end = .
                0x000012d8                __dtors_start = .
 *(.dtors)
                0x000012d8                __dtors_end = .
 SORT(*)(.ctors)
 SORT(*)(.dtors)
 *(.init0)
 .init0         0x000012d8        0x0 C:/Program Files (x86)/Atmel/Studio/7.0/Packs/atmel/ATmega_DFP/1.7.374/gcc/dev/atmega328p/avr5/crtatmega328p.o
                0x000012d8                __init
 *(.init0)
 *(.init1)
 *(.init1)
 *(.init2)
 .init2         0x000012d8        0xc C:/Program Files (x86)/Atmel/Studio/7.0/Packs/atmel/ATmega_DFP/1.7.374/gcc/dev/atmega328p/avr5/crtatmega328p.o
 *(.init2)
 *(.init3)
 *(.init3)
 *(.init4)
 .init4         0x000012e4       0x16 c:/program files (x86)/atmel/studio/7.0/toolchain/avr8/avr8-gnu-toolchain/bin/../lib/gcc/avr/5.4.0/avr5\libgcc.a(_copy_data.o)
                0x000012e4                __do_copy_data
 .init4         0x000012fa       0x10 c:/program files (x86)/atmel/studio/7.0/toolchain/avr8/avr8-gnu-toolchain/bin/../lib/gcc/avr/5.4.0/avr5\libgcc.a(_clear_bss.o)
                0x000012fa                __do_clear_bss
 *(.init4)
 *(.init5)
 *(.init5)
 *(.init6)
 *(.init6)
 *(.init7)
 *(.init7)
 *(.init8)
 *(.init8)
 *(.init9)
 .init9         0x0000130a        0x8 C:/Program Files (x86)/Atmel/Studio/7.0/Packs/atmel/ATmega_DFP/1.7.374/gcc/dev/atmega328p/avr5/crtatmega328p.o
 *(.init9)
 *(.text)
 .text          0x00001312        0x4 C:/Program Files (x86)/Atmel/Studio/7.0/Packs/atmel/ATmega_DFP/1.7.374/gcc/dev/atmega328p/avr5/crtatmega328p.o
                0x00001312                __vector_21
                0x00001312                __vector_22
                0x00001312                __vector_20
                0x00001312                __vector_23
                0x00001312                __vector_25
                0x00001312                __vector_12
                0x00001312                __vector_13
                0x00001312                __vector_10
                0x00001312                __vector_19
                0x00001312                __vector_3
                0x00001312                __vector_4
                0x00001312                __vector_9
                0x00001312                __vector_2
                0x00001312                __vector_1
                0x00001312                __vector_7
                0x00001312                __vector_6
                0x00001312                __vector_5
                0x00001312                __vector_8
                0x00001312                __vector_15
                0x00001312                __vector_14
                0x00001312                __vector_16
                0x00001312                __vector_17
                0x00001312                __bad_interrupt
                0x00001316                . = ALIGN (0x2)
 *(.text.*)
 .text.mode_pressed
                0x00001316        0xe hal/btn/btn_hal.o
 .text.inc_pressed
                0x00001324        0xe hal/btn/btn_hal.o
 .text.dec_pressed
                0x00001332       0x10 hal/btn/btn_hal.o
 .text.enter_pressed
                0x00001342       0x10 hal/btn/btn_hal.o
 .text.button_hal_init
                0x00001352        0xe hal/btn/btn_hal.o
                0x00001352                button_hal_init
 .text.button_hal_register_callback
                0x00001360        0xa hal/btn/btn_hal.o
                0x00001360                button_hal_register_callback
 .text.button_hal_poll
                0x0000136a       0x72 hal/btn/btn_hal.o
                0x0000136a                button_hal_poll
 .text.spi_init
                0x000013dc        0x2 hal/spi/spi_hal.o
                0x000013dc                spi_init
 .text.twi_start
                0x000013de       0x12 hal/twi/twi_hal.o
 .text.twi_stop
                0x000013f0        0x8 hal/twi/twi_hal.o
 .text.twi_RStart
                0x000013f8       0x26 hal/twi/twi_hal.o
 .text.twi_wait_addr_write_ack
                0x0000141e       0x26 hal/twi/twi_hal.o
 .text.twi_wait_data_write_ack
                0x00001444       0x26 hal/twi/twi_hal.o
 .text.twi_wait_addr_read_ack
                0x0000146a       0x26 hal/twi/twi_hal.o
 .text.twi_wait_data_read_ack
                0x00001490       0x36 hal/twi/twi_hal.o
 .text.__vector_24
                0x000014c6       0x22 hal/twi/twi_hal.o
                0x000014c6                __vector_24
 .text.HAL_twi_read
                0x000014e8      0x102 hal/twi/twi_hal.o
                0x000014e8                HAL_twi_read
 .text.HAL_twi_write
                0x000015ea       0xa6 hal/twi/twi_hal.o
                0x000015ea                HAL_twi_write
 .text.HAL_twi_init
                0x00001690       0x38 hal/twi/twi_hal.o
                0x00001690                HAL_twi_init
 .text.ubrr_from_baud
                0x000016c8      0x118 hal/uart_hal/uart_hal.o
 .text.__vector_18
                0x000017e0       0x5e hal/uart_hal/uart_hal.o
                0x000017e0                __vector_18
 .text.uart_hal_register_rx_callback
                0x0000183e        0xa hal/uart_hal/uart_hal.o
                0x0000183e                uart_hal_register_rx_callback
 .text.HAL_uart_init
                0x00001848       0x20 hal/uart_hal/uart_hal.o
                0x00001848                HAL_uart_init
 .text.HAL_uart_send_byte
                0x00001868        0xe hal/uart_hal/uart_hal.o
                0x00001868                HAL_uart_send_byte
 .text.LSM303AGR_init
                0x00001876      0x14a drivers/lsm303agr.o
                0x00001876                LSM303AGR_init
 .text.LSM303AGR_read_acc
                0x000019c0       0xa4 drivers/lsm303agr.o
                0x000019c0                LSM303AGR_read_acc
 .text.LSM303AGR_read_acc_unshifted
                0x00001a64       0x74 drivers/lsm303agr.o
                0x00001a64                LSM303AGR_read_acc_unshifted
 .text.LSM303AGR_read_mag
                0x00001ad8       0x74 drivers/lsm303agr.o
                0x00001ad8                LSM303AGR_read_mag
 .text.LSM303AGR_set_hard_iron_offset
                0x00001b4c       0x3e drivers/lsm303agr.o
                0x00001b4c                LSM303AGR_set_hard_iron_offset
 .text.LSM303AGR_mag_raw_to_nT
                0x00001b8a       0x18 drivers/lsm303agr.o
                0x00001b8a                LSM303AGR_mag_raw_to_nT
 .text.u8x8_gpio_and_delay
                0x00001ba2       0x92 lcd.o
                0x00001ba2                u8x8_gpio_and_delay
 .text.draw_state
                0x00001c34       0x14 lcd.o
 .text.draw_compass
                0x00001c48      0x1ce lcd.o
 .text.draw_vcenter
                0x00001e16       0x50 lcd.o
 .text.init_graphic_LCD
                0x00001e66       0x32 lcd.o
                0x00001e66                init_graphic_LCD
 .text.lcd_draw_state_auto_calibration
                0x00001e98      0x1c4 lcd.o
                0x00001e98                lcd_draw_state_auto_calibration
 .text.lcd_draw_state_calibrating
                0x0000205c       0xf6 lcd.o
                0x0000205c                lcd_draw_state_calibrating
 .text.lcd_draw_state_manual_calibration
                0x00002152      0x1c4 lcd.o
                0x00002152                lcd_draw_state_manual_calibration
 .text.lcd_draw_state_X_offset
                0x00002316      0x10c lcd.o
                0x00002316                lcd_draw_state_X_offset
 .text.lcd_draw_state_Y_offset
                0x00002422      0x10c lcd.o
                0x00002422                lcd_draw_state_Y_offset
 .text.lcd_draw_state_Z_offset
                0x0000252e      0x10c lcd.o
                0x0000252e                lcd_draw_state_Z_offset
 .text.lcd_draw_state_declination
                0x0000263a       0xb2 lcd.o
                0x0000263a                lcd_draw_state_declination
 .text.uart_print_cb
                0x000026ec        0x6 main.o
                0x000026ec                uart_print_cb
 .text.app_process
                0x000026f2      0x3a8 main.o
                0x000026f2                app_process
 .text.init     0x00002a9a       0xd2 main.o
                0x00002a9a                init
 .text.main     0x00002b6c       0x20 main.o
                0x00002b6c                main
 .text.iHundredAtanDeg
                0x00002b8c      0x180 math/atan.o
                0x00002b8c                iHundredAtanDeg
 .text.iHundredAtan2Deg
                0x00002d0c       0x7c math/atan.o
                0x00002d0c                iHundredAtan2Deg
 .text.iDivide  0x00002d88       0x5c math/idiv.o
                0x00002d88                iDivide
 .text.iTrig    0x00002de4      0x128 math/itrig.o
                0x00002de4                iTrig
 .text.math_mag_get_offset
                0x00002f0c       0x2a math/mag_calibration.o
                0x00002f0c                math_mag_get_offset
 .text.math_mag_calib_hard_init
                0x00002f36       0x2a math/mag_calibration.o
                0x00002f36                math_mag_calib_hard_init
 .text.math_mag_calib_hard_update
                0x00002f60       0x70 math/mag_calibration.o
                0x00002f60                math_mag_calib_hard_update
 .text.math_mag_calib_hard_compute_offset
                0x00002fd0       0x70 math/mag_calibration.o
                0x00002fd0                math_mag_calib_hard_compute_offset
 .text.math_sin1000
                0x00003040       0x10 math/sin.o
                0x00003040                math_sin1000
 .text.math_cos1000
                0x00003050       0x1c math/sin.o
                0x00003050                math_cos1000
 .text.iecompass
                0x0000306c      0x252 math/tiltcomp.o
                0x0000306c                iecompass
 .text.get_psi  0x000032be        0xa math/tiltcomp.o
                0x000032be                get_psi
 .text.button_hal_event_handler
                0x000032c8        0x6 services/button_service.o
 .text.button_service_init
                0x000032ce        0xe services/button_service.o
                0x000032ce                button_service_init
 .text.button_service_get
                0x000032dc       0x2a services/button_service.o
                0x000032dc                button_service_get
 .text.mag_calib_register_status_cb
                0x00003306        0xa services/eCompass_service.o
                0x00003306                mag_calib_register_status_cb
 .text.eCompass_params_init
                0x00003310       0xd8 services/eCompass_service.o
                0x00003310                eCompass_params_init
 .text.increment_declination
                0x000033e8       0x24 services/eCompass_service.o
                0x000033e8                increment_declination
 .text.decrement_declination
                0x0000340c       0x24 services/eCompass_service.o
                0x0000340c                decrement_declination
 .text.eCompass_mag_azimuth
                0x00003430       0xdc services/eCompass_service.o
                0x00003430                eCompass_mag_azimuth
 .text.eCompass_true_from_mag
                0x0000350c       0x52 services/eCompass_service.o
                0x0000350c                eCompass_true_from_mag
 .text.LSB_to_micro_tesla
                0x0000355e       0x58 services/eCompass_service.o
                0x0000355e                LSB_to_micro_tesla
 .text.mag_set_offset
                0x000035b6       0xba services/eCompass_service.o
                0x000035b6                mag_set_offset
 .text.mag_set_offsetX
                0x00003670       0x4c services/eCompass_service.o
                0x00003670                mag_set_offsetX
 .text.mag_set_offsetY
                0x000036bc       0x4c services/eCompass_service.o
                0x000036bc                mag_set_offsetY
 .text.mag_set_offsetZ
                0x00003708       0x52 services/eCompass_service.o
                0x00003708                mag_set_offsetZ
 .text.mag_get_offset
                0x0000375a       0x42 services/eCompass_service.o
                0x0000375a                mag_get_offset
 .text.mag_get_offsetX
                0x0000379c       0x20 services/eCompass_service.o
                0x0000379c                mag_get_offsetX
 .text.mag_get_offsetY
                0x000037bc       0x20 services/eCompass_service.o
                0x000037bc                mag_get_offsetY
 .text.mag_get_offsetZ
                0x000037dc       0x20 services/eCompass_service.o
                0x000037dc                mag_get_offsetZ
 .text.mag_apply_offset
                0x000037fc       0x32 services/eCompass_service.o
                0x000037fc                mag_apply_offset
 .text.mag_hardiron_calibration_run
                0x0000382e      0x1da services/eCompass_service.o
                0x0000382e                mag_hardiron_calibration_run
 .text.get_approx_total_field
                0x00003a08      0x30e services/eCompass_service.o
                0x00003a08                get_approx_total_field
 .text.twi_init
                0x00003d16        0x6 services/twi_service.o
                0x00003d16                twi_init
 .text.uart_rx_push
                0x00003d1c        0xc services/uart_service.o
                0x00003d1c                uart_rx_push
 .text.uart_init
                0x00003d28        0x6 services/uart_service.o
                0x00003d28                uart_init
 .text.uart_rx_init
                0x00003d2e       0x18 services/uart_service.o
                0x00003d2e                uart_rx_init
 .text.uart_send_byte
                0x00003d46        0x6 services/uart_service.o
                0x00003d46                uart_send_byte
 .text.uart_send_string
                0x00003d4c       0x2c services/uart_service.o
                0x00003d4c                uart_send_string
 .text.state_get
                0x00003d78        0x6 state/state.o
                0x00003d78                state_get
 .text.state_set
                0x00003d7e        0x6 state/state.o
                0x00003d7e                state_set
 .text.state_machine_step
                0x00003d84       0xbc state/state_machine.o
                0x00003d84                state_machine_step
 .text.__vector_11
                0x00003e40       0x1e timer/timer.o
                0x00003e40                __vector_11
 .text.u8g2_send_tile_row
                0x00003e5e       0x38 u8g2/csrc/u8g2_buffer.o
 .text.u8g2_send_buffer
                0x00003e96       0x48 u8g2/csrc/u8g2_buffer.o
 .text.u8g2_ClearBuffer
                0x00003ede       0x2c u8g2/csrc/u8g2_buffer.o
                0x00003ede                u8g2_ClearBuffer
 .text.u8g2_SetBufferCurrTileRow
                0x00003f0a       0x28 u8g2/csrc/u8g2_buffer.o
                0x00003f0a                u8g2_SetBufferCurrTileRow
 .text.u8g2_FirstPage
                0x00003f32       0x26 u8g2/csrc/u8g2_buffer.o
                0x00003f32                u8g2_FirstPage
 .text.u8g2_NextPage
                0x00003f58       0x4a u8g2/csrc/u8g2_buffer.o
                0x00003f58                u8g2_NextPage
 .text.u8g2_draw_circle_section
                0x00003fa2       0xd4 u8g2/csrc/u8g2_circle.o
 .text.u8g2_draw_circle
                0x00004076       0xec u8g2/csrc/u8g2_circle.o
 .text.u8g2_DrawCircle
                0x00004162       0x68 u8g2/csrc/u8g2_circle.o
                0x00004162                u8g2_DrawCircle
 .text.u8g2_m_16_8_1
                0x000041ca        0xc u8g2/csrc/u8g2_d_memory.o
                0x000041ca                u8g2_m_16_8_1
 .text.u8g2_Setup_st7565_erc12864_1
                0x000041d6       0x56 u8g2/csrc/u8g2_d_setup.o
                0x000041d6                u8g2_Setup_st7565_erc12864_1
 .text.u8g2_font_get_byte
                0x0000422c        0xa u8g2/csrc/u8g2_font.o
 .text.u8g2_font_get_word
                0x00004236       0x18 u8g2/csrc/u8g2_font.o
 .text.u8g2_font_calc_vref_font
                0x0000424e        0x6 u8g2/csrc/u8g2_font.o
                0x0000424e                u8g2_font_calc_vref_font
 .text.u8g2_read_font_info
                0x00004254       0xe4 u8g2/csrc/u8g2_font.o
                0x00004254                u8g2_read_font_info
 .text.u8g2_font_decode_get_unsigned_bits
                0x00004338       0x60 u8g2/csrc/u8g2_font.o
                0x00004338                u8g2_font_decode_get_unsigned_bits
 .text.u8g2_font_setup_decode
                0x00004398       0x52 u8g2/csrc/u8g2_font.o
 .text.u8g2_font_decode_get_signed_bits
                0x000043ea       0x1e u8g2/csrc/u8g2_font.o
                0x000043ea                u8g2_font_decode_get_signed_bits
 .text.u8g2_add_vector_y
                0x00004408       0x34 u8g2/csrc/u8g2_font.o
                0x00004408                u8g2_add_vector_y
 .text.u8g2_add_vector_x
                0x0000443c       0x34 u8g2/csrc/u8g2_font.o
                0x0000443c                u8g2_add_vector_x
 .text.u8g2_font_decode_len
                0x00004470       0xe2 u8g2/csrc/u8g2_font.o
                0x00004470                u8g2_font_decode_len
 .text.u8g2_font_decode_glyph
                0x00004552      0x1c0 u8g2/csrc/u8g2_font.o
                0x00004552                u8g2_font_decode_glyph
 .text.u8g2_font_get_glyph_data
                0x00004712       0xe4 u8g2/csrc/u8g2_font.o
                0x00004712                u8g2_font_get_glyph_data
 .text.u8g2_font_draw_glyph
                0x000047f6       0x3a u8g2/csrc/u8g2_font.o
 .text.u8g2_GetGlyphWidth
                0x00004830       0x5a u8g2/csrc/u8g2_font.o
                0x00004830                u8g2_GetGlyphWidth
 .text.u8g2_string_width
                0x0000488a       0xbc u8g2/csrc/u8g2_font.o
 .text.u8g2_DrawGlyph
                0x00004946       0xa4 u8g2/csrc/u8g2_font.o
                0x00004946                u8g2_DrawGlyph
 .text.u8g2_draw_string
                0x000049ea       0x9e u8g2/csrc/u8g2_font.o
 .text.u8g2_DrawStr
                0x00004a88       0x14 u8g2/csrc/u8g2_font.o
                0x00004a88                u8g2_DrawStr
 .text.u8g2_UpdateRefHeight
                0x00004a9c       0x88 u8g2/csrc/u8g2_font.o
                0x00004a9c                u8g2_UpdateRefHeight
 .text.u8g2_SetFontPosBaseline
                0x00004b24       0x10 u8g2/csrc/u8g2_font.o
                0x00004b24                u8g2_SetFontPosBaseline
 .text.u8g2_SetFont
                0x00004b34       0x2e u8g2/csrc/u8g2_font.o
                0x00004b34                u8g2_SetFont
 .text.u8g2_GetStrWidth
                0x00004b62       0x10 u8g2/csrc/u8g2_font.o
                0x00004b62                u8g2_GetStrWidth
 .text.u8g2_clip_intersection2
                0x00004b72       0x64 u8g2/csrc/u8g2_hvline.o
 .text.u8g2_draw_hv_line_2dir
                0x00004bd6       0x1e u8g2/csrc/u8g2_hvline.o
                0x00004bd6                u8g2_draw_hv_line_2dir
 .text.u8g2_DrawHVLine
                0x00004bf4      0x132 u8g2/csrc/u8g2_hvline.o
                0x00004bf4                u8g2_DrawHVLine
 .text.u8g2_DrawHLine
                0x00004d26        0xc u8g2/csrc/u8g2_hvline.o
                0x00004d26                u8g2_DrawHLine
 .text.u8g2_DrawPixel
                0x00004d32       0x3c u8g2/csrc/u8g2_hvline.o
                0x00004d32                u8g2_DrawPixel
 .text.u8g2_is_intersection_decision_tree
                0x00004d6e       0x36 u8g2/csrc/u8g2_intersection.o
                0x00004d6e                u8g2_is_intersection_decision_tree
 .text.u8g2_IsIntersection
                0x00004da4       0x4a u8g2/csrc/u8g2_intersection.o
                0x00004da4                u8g2_IsIntersection
 .text.u8g2_DrawLine
                0x00004dee      0x118 u8g2/csrc/u8g2_line.o
                0x00004dee                u8g2_DrawLine
 .text.u8g2_ll_hvline_vertical_top_lsb
                0x00004f06       0xc0 u8g2/csrc/u8g2_ll_hvline.o
                0x00004f06                u8g2_ll_hvline_vertical_top_lsb
 .text.pge_Next
                0x00004fc6       0x5e u8g2/csrc/u8g2_polygon.o
 .text.pge_Init
                0x00005024       0x74 u8g2/csrc/u8g2_polygon.o
 .text.pg_inc   0x00005098       0x10 u8g2/csrc/u8g2_polygon.o
 .text.pg_dec   0x000050a8       0x12 u8g2/csrc/u8g2_polygon.o
 .text.pg_expand_min_y
                0x000050ba       0x7e u8g2/csrc/u8g2_polygon.o
 .text.pg_prepare
                0x00005138      0x12a u8g2/csrc/u8g2_polygon.o
 .text.pg_line_init
                0x00005262       0x78 u8g2/csrc/u8g2_polygon.o
 .text.pg_ClearPolygonXY
                0x000052da        0x6 u8g2/csrc/u8g2_polygon.o
 .text.pg_AddPolygonXY
                0x000052e0       0x2c u8g2/csrc/u8g2_polygon.o
 .text.pg_hline
                0x0000530c       0x82 u8g2/csrc/u8g2_polygon.o
 .text.pg_exec  0x0000538e       0x84 u8g2/csrc/u8g2_polygon.o
 .text.pg_DrawPolygon
                0x00005412       0x26 u8g2/csrc/u8g2_polygon.o
 .text.u8g2_ClearPolygonXY
                0x00005438        0xa u8g2/csrc/u8g2_polygon.o
                0x00005438                u8g2_ClearPolygonXY
 .text.u8g2_AddPolygonXY
                0x00005442        0xa u8g2/csrc/u8g2_polygon.o
                0x00005442                u8g2_AddPolygonXY
 .text.u8g2_DrawPolygon
                0x0000544c        0xc u8g2/csrc/u8g2_polygon.o
                0x0000544c                u8g2_DrawPolygon
 .text.u8g2_DrawTriangle
                0x00005458       0x6a u8g2/csrc/u8g2_polygon.o
                0x00005458                u8g2_DrawTriangle
 .text.u8g2_update_dimension_common
                0x000054c2       0xa0 u8g2/csrc/u8g2_setup.o
 .text.u8g2_update_dimension_r0
                0x00005562        0x6 u8g2/csrc/u8g2_setup.o
                0x00005562                u8g2_update_dimension_r0
 .text.u8g2_apply_clip_window
                0x00005568       0x9a u8g2/csrc/u8g2_setup.o
 .text.u8g2_update_page_win_r0
                0x00005602       0x26 u8g2/csrc/u8g2_setup.o
                0x00005602                u8g2_update_page_win_r0
 .text.u8g2_draw_l90_r0
                0x00005628        0xa u8g2/csrc/u8g2_setup.o
                0x00005628                u8g2_draw_l90_r0
 .text.u8g2_SetMaxClipWindow
                0x00005632       0x38 u8g2/csrc/u8g2_setup.o
                0x00005632                u8g2_SetMaxClipWindow
 .text.u8g2_SetupBuffer
                0x0000566a       0x60 u8g2/csrc/u8g2_setup.o
                0x0000566a                u8g2_SetupBuffer
 .text.u8x8_ascii_next
                0x000056ca       0x1a u8g2/csrc/u8x8_8x8.o
                0x000056ca                u8x8_ascii_next
 .text.u8x8_utf8_init
                0x000056e4        0x6 u8g2/csrc/u8x8_8x8.o
                0x000056e4                u8x8_utf8_init
 .text.u8x8_byte_SetDC
                0x000056ea       0x16 u8g2/csrc/u8x8_byte.o
                0x000056ea                u8x8_byte_SetDC
 .text.u8x8_byte_SendBytes
                0x00005700       0x14 u8g2/csrc/u8x8_byte.o
                0x00005700                u8x8_byte_SendBytes
 .text.u8x8_byte_SendByte
                0x00005714       0x20 u8g2/csrc/u8x8_byte.o
                0x00005714                u8x8_byte_SendByte
 .text.u8x8_cad_SendCmd
                0x00005734       0x16 u8g2/csrc/u8x8_cad.o
                0x00005734                u8x8_cad_SendCmd
 .text.u8x8_cad_SendArg
                0x0000574a       0x16 u8g2/csrc/u8x8_cad.o
                0x0000574a                u8x8_cad_SendArg
 .text.u8x8_cad_SendData
                0x00005760       0x14 u8g2/csrc/u8x8_cad.o
                0x00005760                u8x8_cad_SendData
 .text.u8x8_cad_StartTransfer
                0x00005774       0x16 u8g2/csrc/u8x8_cad.o
                0x00005774                u8x8_cad_StartTransfer
 .text.u8x8_cad_EndTransfer
                0x0000578a       0x16 u8g2/csrc/u8x8_cad.o
                0x0000578a                u8x8_cad_EndTransfer
 .text.u8x8_cad_SendSequence
                0x000057a0       0x9e u8g2/csrc/u8x8_cad.o
                0x000057a0                u8x8_cad_SendSequence
 .text.u8x8_cad_001
                0x0000583e       0x7e u8g2/csrc/u8x8_cad.o
                0x0000583e                u8x8_cad_001
 .text.u8x8_d_helper_display_setup_memory
                0x000058bc       0x10 u8g2/csrc/u8x8_display.o
                0x000058bc                u8x8_d_helper_display_setup_memory
 .text.u8x8_d_helper_display_init
                0x000058cc       0x72 u8g2/csrc/u8x8_display.o
                0x000058cc                u8x8_d_helper_display_init
 .text.u8x8_DrawTile
                0x0000593e       0x46 u8g2/csrc/u8x8_display.o
                0x0000593e                u8x8_DrawTile
 .text.u8x8_SetupMemory
                0x00005984       0x16 u8g2/csrc/u8x8_display.o
                0x00005984                u8x8_SetupMemory
 .text.u8x8_InitDisplay
                0x0000599a       0x16 u8g2/csrc/u8x8_display.o
                0x0000599a                u8x8_InitDisplay
 .text.u8x8_SetPowerSave
                0x000059b0       0x16 u8g2/csrc/u8x8_display.o
                0x000059b0                u8x8_SetPowerSave
 .text.u8x8_SetContrast
                0x000059c6       0x16 u8g2/csrc/u8x8_display.o
                0x000059c6                u8x8_SetContrast
 .text.u8x8_RefreshDisplay
                0x000059dc       0x16 u8g2/csrc/u8x8_display.o
                0x000059dc                u8x8_RefreshDisplay
 .text.u8x8_d_st7565_common
                0x000059f2       0xe6 u8g2/csrc/u8x8_d_st7565.o
                0x000059f2                u8x8_d_st7565_common
 .text.u8x8_d_st7565_erc12864
                0x00005ad8       0x8c u8g2/csrc/u8x8_d_st7565.o
                0x00005ad8                u8x8_d_st7565_erc12864
 .text.u8x8_gpio_call
                0x00005b64       0x12 u8g2/csrc/u8x8_gpio.o
                0x00005b64                u8x8_gpio_call
 .text.u8x8_dummy_cb
                0x00005b76        0x4 u8g2/csrc/u8x8_setup.o
                0x00005b76                u8x8_dummy_cb
 .text.u8x8_SetupDefaults
                0x00005b7a       0x2e u8g2/csrc/u8x8_setup.o
                0x00005b7a                u8x8_SetupDefaults
 .text.u8x8_Setup
                0x00005ba8       0x4c u8g2/csrc/u8x8_setup.o
                0x00005ba8                u8x8_Setup
 .text.u8x8_byte_avr_hw_spi
                0x00005bf4      0x18a u8g2/lib/u8x8_avr.o
                0x00005bf4                u8x8_byte_avr_hw_spi
 .text.u8x8_avr_delay
                0x00005d7e       0x76 u8g2/lib/u8x8_avr.o
                0x00005d7e                u8x8_avr_delay
 .text.led_init
                0x00005df4       0x16 utils/led.o
                0x00005df4                led_init
 .text.rb_init  0x00005e0a       0x10 utils/ring_buffer.o
                0x00005e0a                rb_init
 .text.rb_push_overwrite
                0x00005e1a       0x28 utils/ring_buffer.o
                0x00005e1a                rb_push_overwrite
 .text.avr-libc.fplib
                0x00005e42        0xe c:/program files (x86)/atmel/studio/7.0/toolchain/avr8/avr8-gnu-toolchain/bin/../lib/gcc/avr/5.4.0/../../../../avr/lib/avr5\libm.a(addsf3.o)
                0x00005e42                __subsf3
                0x00005e44                __addsf3
 .text.avr-libc.fplib
                0x00005e50       0xcc c:/program files (x86)/atmel/studio/7.0/toolchain/avr8/avr8-gnu-toolchain/bin/../lib/gcc/avr/5.4.0/../../../../avr/lib/avr5\libm.a(addsf3x.o)
                0x00005e72                __addsf3x
 .text.avr-libc.fplib
                0x00005f1c        0xe c:/program files (x86)/atmel/studio/7.0/toolchain/avr8/avr8-gnu-toolchain/bin/../lib/gcc/avr/5.4.0/../../../../avr/lib/avr5\libm.a(fixsfsi.o)
                0x00005f1c                __fixsfsi
 .text.avr-libc.fplib
                0x00005f2a       0x5e c:/program files (x86)/atmel/studio/7.0/toolchain/avr8/avr8-gnu-toolchain/bin/../lib/gcc/avr/5.4.0/../../../../avr/lib/avr5\libm.a(fixunssfsi.o)
                0x00005f2a                __fixunssfsi
 .text.avr-libc.fplib
                0x00005f88       0x7a c:/program files (x86)/atmel/studio/7.0/toolchain/avr8/avr8-gnu-toolchain/bin/../lib/gcc/avr/5.4.0/../../../../avr/lib/avr5\libm.a(floatsisf.o)
                0x00005f88                __floatunsisf
                0x00005f8c                __floatsisf
 .text.avr-libc.fplib
                0x00006002        0xc c:/program files (x86)/atmel/studio/7.0/toolchain/avr8/avr8-gnu-toolchain/bin/../lib/gcc/avr/5.4.0/../../../../avr/lib/avr5\libm.a(fp_inf.o)
                0x00006002                __fp_inf
 .text.avr-libc.fplib
                0x0000600e        0x6 c:/program files (x86)/atmel/studio/7.0/toolchain/avr8/avr8-gnu-toolchain/bin/../lib/gcc/avr/5.4.0/../../../../avr/lib/avr5\libm.a(fp_nan.o)
                0x0000600e                __fp_nan
 .text.avr-libc.fplib
                0x00006014        0xe c:/program files (x86)/atmel/studio/7.0/toolchain/avr8/avr8-gnu-toolchain/bin/../lib/gcc/avr/5.4.0/../../../../avr/lib/avr5\libm.a(fp_pscA.o)
                0x00006014                __fp_pscA
 .text.avr-libc.fplib
                0x00006022        0xe c:/program files (x86)/atmel/studio/7.0/toolchain/avr8/avr8-gnu-toolchain/bin/../lib/gcc/avr/5.4.0/../../../../avr/lib/avr5\libm.a(fp_pscB.o)
                0x00006022                __fp_pscB
 .text.avr-libc.fplib
                0x00006030       0x22 c:/program files (x86)/atmel/studio/7.0/toolchain/avr8/avr8-gnu-toolchain/bin/../lib/gcc/avr/5.4.0/../../../../avr/lib/avr5\libm.a(fp_round.o)
                0x00006030                __fp_round
 .text.avr-libc.fplib
                0x00006052       0x44 c:/program files (x86)/atmel/studio/7.0/toolchain/avr8/avr8-gnu-toolchain/bin/../lib/gcc/avr/5.4.0/../../../../avr/lib/avr5\libm.a(fp_split3.o)
                0x00006052                __fp_split3
                0x00006062                __fp_splitA
 .text.avr-libc.fplib
                0x00006096        0xe c:/program files (x86)/atmel/studio/7.0/toolchain/avr8/avr8-gnu-toolchain/bin/../lib/gcc/avr/5.4.0/../../../../avr/lib/avr5\libm.a(fp_zero.o)
                0x00006096                __fp_zero
                0x00006098                __fp_szero
 .text.avr-libc.fplib
                0x000060a4        0x8 c:/program files (x86)/atmel/studio/7.0/toolchain/avr8/avr8-gnu-toolchain/bin/../lib/gcc/avr/5.4.0/../../../../avr/lib/avr5\libm.a(mulsf3.o)
                0x000060a4                __mulsf3
 .text.avr-libc.fplib
                0x000060ac       0xd2 c:/program files (x86)/atmel/studio/7.0/toolchain/avr8/avr8-gnu-toolchain/bin/../lib/gcc/avr/5.4.0/../../../../avr/lib/avr5\libm.a(mulsf3x.o)
                0x000060ca                __mulsf3x
                0x000060d0                __mulsf3_pse
 .text.libgcc.mul
                0x0000617e       0x20 c:/program files (x86)/atmel/studio/7.0/toolchain/avr8/avr8-gnu-toolchain/bin/../lib/gcc/avr/5.4.0/avr5\libgcc.a(_mulsi3.o)
                0x0000617e                __mulsi3
 .text.libgcc.div
                0x0000619e       0x28 c:/program files (x86)/atmel/studio/7.0/toolchain/avr8/avr8-gnu-toolchain/bin/../lib/gcc/avr/5.4.0/avr5\libgcc.a(_udivmodhi4.o)
                0x0000619e                __udivmodhi4
 .text.libgcc.div
                0x000061c6       0x28 c:/program files (x86)/atmel/studio/7.0/toolchain/avr8/avr8-gnu-toolchain/bin/../lib/gcc/avr/5.4.0/avr5\libgcc.a(_divmodhi4.o)
                0x000061c6                _div
                0x000061c6                __divmodhi4
 .text.libgcc.div
                0x000061ee       0x44 c:/program files (x86)/atmel/studio/7.0/toolchain/avr8/avr8-gnu-toolchain/bin/../lib/gcc/avr/5.4.0/avr5\libgcc.a(_udivmodsi4.o)
                0x000061ee                __udivmodsi4
 .text.libgcc.div
                0x00006232       0x2e c:/program files (x86)/atmel/studio/7.0/toolchain/avr8/avr8-gnu-toolchain/bin/../lib/gcc/avr/5.4.0/avr5\libgcc.a(_divmodsi4.o)
                0x00006232                __divmodsi4
 .text.libgcc.div
                0x00006260       0x10 c:/program files (x86)/atmel/studio/7.0/toolchain/avr8/avr8-gnu-toolchain/bin/../lib/gcc/avr/5.4.0/avr5\libgcc.a(_negsi2.o)
                0x00006260                __negsi2
 .text.libgcc   0x00006270        0xc c:/program files (x86)/atmel/studio/7.0/toolchain/avr8/avr8-gnu-toolchain/bin/../lib/gcc/avr/5.4.0/avr5\libgcc.a(_tablejump2.o)
                0x00006270                __tablejump2__
 .text.libgcc.mul
                0x0000627c       0x10 c:/program files (x86)/atmel/studio/7.0/toolchain/avr8/avr8-gnu-toolchain/bin/../lib/gcc/avr/5.4.0/avr5\libgcc.a(_mulhisi3.o)
                0x0000627c                __mulhisi3
 .text.libgcc.mul
                0x0000628c       0x1e c:/program files (x86)/atmel/studio/7.0/toolchain/avr8/avr8-gnu-toolchain/bin/../lib/gcc/avr/5.4.0/avr5\libgcc.a(_umulhisi3.o)
                0x0000628c                __umulhisi3
 .text.libgcc.mul
                0x000062aa        0xe c:/program files (x86)/atmel/studio/7.0/toolchain/avr8/avr8-gnu-toolchain/bin/../lib/gcc/avr/5.4.0/avr5\libgcc.a(_usmulhisi3.o)
                0x000062aa                __usmulhisi3
                0x000062ae                __usmulhisi3_tail
 .text.libgcc.mul
                0x000062b8       0x16 c:/program files (x86)/atmel/studio/7.0/toolchain/avr8/avr8-gnu-toolchain/bin/../lib/gcc/avr/5.4.0/avr5\libgcc.a(_muluhisi3.o)
                0x000062b8                __muluhisi3
 .text.libgcc.mul
                0x000062ce       0x10 c:/program files (x86)/atmel/studio/7.0/toolchain/avr8/avr8-gnu-toolchain/bin/../lib/gcc/avr/5.4.0/avr5\libgcc.a(_mulshisi3.o)
                0x000062ce                __mulshisi3
                0x000062d4                __mulohisi3
 .text.avr-libc
                0x000062de        0xe c:/program files (x86)/atmel/studio/7.0/toolchain/avr8/avr8-gnu-toolchain/bin/../lib/gcc/avr/5.4.0/../../../../avr/lib/avr5\libc.a(memset.o)
                0x000062de                memset
 .text.avr-libc
                0x000062ec       0x60 c:/program files (x86)/atmel/studio/7.0/toolchain/avr8/avr8-gnu-toolchain/bin/../lib/gcc/avr/5.4.0/../../../../avr/lib/avr5\libc.a(snprintf.o)
                0x000062ec                snprintf
 .text.avr-libc
                0x0000634c      0x3c2 c:/program files (x86)/atmel/studio/7.0/toolchain/avr8/avr8-gnu-toolchain/bin/../lib/gcc/avr/5.4.0/../../../../avr/lib/avr5\libc.a(vfprintf_std.o)
                0x0000634c                vfprintf
 .text.avr-libc
                0x0000670e       0x16 c:/program files (x86)/atmel/studio/7.0/toolchain/avr8/avr8-gnu-toolchain/bin/../lib/gcc/avr/5.4.0/../../../../avr/lib/avr5\libc.a(strnlen_P.o)
                0x0000670e                strnlen_P
 .text.avr-libc
                0x00006724       0x16 c:/program files (x86)/atmel/studio/7.0/toolchain/avr8/avr8-gnu-toolchain/bin/../lib/gcc/avr/5.4.0/../../../../avr/lib/avr5\libc.a(strnlen.o)
                0x00006724                strnlen
 .text.avr-libc
                0x0000673a       0x78 c:/program files (x86)/atmel/studio/7.0/toolchain/avr8/avr8-gnu-toolchain/bin/../lib/gcc/avr/5.4.0/../../../../avr/lib/avr5\libc.a(fputc.o)
                0x0000673a                fputc
 .text.avr-libc
                0x000067b2       0xbc c:/program files (x86)/atmel/studio/7.0/toolchain/avr8/avr8-gnu-toolchain/bin/../lib/gcc/avr/5.4.0/../../../../avr/lib/avr5\libc.a(ultoa_invert.o)
                0x000067b2                __ultoa_invert
 .text.avr-libc
                0x0000686e       0x20 C:/Program Files (x86)/Atmel/Studio/7.0/Packs/atmel/ATmega_DFP/1.7.374/gcc/dev/atmega328p/avr5\libatmega328p.a(eerd_block.o)
                0x0000686e                eeprom_read_block
                0x00006872                eeprom_read_blraw
 .text.avr-libc
                0x0000688e       0x20 C:/Program Files (x86)/Atmel/Studio/7.0/Packs/atmel/ATmega_DFP/1.7.374/gcc/dev/atmega328p/avr5\libatmega328p.a(eeupd_block.o)
                0x0000688e                eeprom_update_block
 .text.avr-libc
                0x000068ae       0x24 C:/Program Files (x86)/Atmel/Studio/7.0/Packs/atmel/ATmega_DFP/1.7.374/gcc/dev/atmega328p/avr5\libatmega328p.a(eeupd_byte.o)
                0x000068ae                eeprom_update_byte
                0x000068b0                eeprom_update_r18
 .text.libgcc.prologue
                0x000068d2       0x38 c:/program files (x86)/atmel/studio/7.0/toolchain/avr8/avr8-gnu-toolchain/bin/../lib/gcc/avr/5.4.0/avr5\libgcc.a(_prologue.o)
                0x000068d2                __prologue_saves__
 .text.libgcc.prologue
                0x0000690a       0x36 c:/program files (x86)/atmel/studio/7.0/toolchain/avr8/avr8-gnu-toolchain/bin/../lib/gcc/avr/5.4.0/avr5\libgcc.a(_epilogue.o)
                0x0000690a                __epilogue_restores__
                0x00006940                . = ALIGN (0x2)
 *(.fini9)
 .fini9         0x00006940        0x0 c:/program files (x86)/atmel/studio/7.0/toolchain/avr8/avr8-gnu-toolchain/bin/../lib/gcc/avr/5.4.0/avr5\libgcc.a(_exit.o)
                0x00006940                exit
                0x00006940                _exit
 *(.fini9)
 *(.fini8)
 *(.fini8)
 *(.fini7)
 *(.fini7)
 *(.fini6)
 *(.fini6)
 *(.fini5)
 *(.fini5)
 *(.fini4)
 *(.fini4)
 *(.fini3)
 *(.fini3)
 *(.fini2)
 *(.fini2)
 *(.fini1)
 *(.fini1)
 *(.fini0)
 .fini0         0x00006940        0x4 c:/program files (x86)/atmel/studio/7.0/toolchain/avr8/avr8-gnu-toolchain/bin/../lib/gcc/avr/5.4.0/avr5\libgcc.a(_exit.o)
 *(.fini0)
                0x00006944                _etext = .

.data           0x00800100      0x3b8 load address 0x00006944
                0x00800100                PROVIDE (__data_start, .)
 *(.data)
 *(.data*)
 .data.status   0x00800100        0x1 hal/twi/twi_hal.o
                0x00800100                status
 .data.declination100
                0x00800101        0x2 services/eCompass_service.o
                0x00800101                declination100
 *(.gnu.linkonce.d*)
 *(.rodata)
 *(.rodata*)
 .rodata.str1.1
                0x00800103      0x106 lcd.o
                                0x116 (size before relaxing)
 .rodata.str1.1
                0x00800209      0x1bc main.o
 .rodata.str1.1
                0x008003c5       0x97 services/eCompass_service.o
                                 0xad (size before relaxing)
 .rodata.u8g2_cb_r0
                0x0080045c        0x6 u8g2/csrc/u8g2_setup.o
                0x0080045c                u8g2_cb_r0
 .rodata.u8x8_st7565_erc12864_display_info
                0x00800462       0x18 u8g2/csrc/u8x8_d_st7565.o
 .rodata.u8x8_d_st7565_erc12864_init_seq
                0x0080047a       0x21 u8g2/csrc/u8x8_d_st7565.o
 .rodata.u8x8_d_st7565_flip1_seq
                0x0080049b        0x7 u8g2/csrc/u8x8_d_st7565.o
 .rodata.u8x8_d_st7565_flip0_seq
                0x008004a2        0x7 u8g2/csrc/u8x8_d_st7565.o
 .rodata.u8x8_d_st7565_powersave1_seq
                0x008004a9        0x7 u8g2/csrc/u8x8_d_st7565.o
 .rodata.u8x8_d_st7565_powersave0_seq
                0x008004b0        0x7 u8g2/csrc/u8x8_d_st7565.o
 *(.gnu.linkonce.r*)
                0x008004b8                . = ALIGN (0x2)
 *fill*         0x008004b7        0x1 
                0x008004b8                _edata = .
                0x008004b8                PROVIDE (__data_end, .)

.bss            0x008004b8      0x1ed
                0x008004b8                PROVIDE (__bss_start, .)
 *(.bss)
 *(.bss*)
 .bss.button_cb
                0x008004b8        0x2 hal/btn/btn_hal.o
 .bss.rx_cb     0x008004ba        0x2 hal/uart_hal/uart_hal.o
 .bss.mag_offset
                0x008004bc        0x6 math/mag_calibration.o
 .bss.mag_max   0x008004c2        0x6 math/mag_calibration.o
 .bss.mag_min   0x008004c8        0x6 math/mag_calibration.o
 .bss.iBfy      0x008004ce        0x2 math/tiltcomp.o
 .bss.iPsi      0x008004d0        0x2 math/tiltcomp.o
 .bss.iThe      0x008004d2        0x2 math/tiltcomp.o
 .bss.iPhi      0x008004d4        0x2 math/tiltcomp.o
 .bss.previous_was_pressed
                0x008004d6        0x1 services/button_service.o
 .bss.hw_event  0x008004d7        0x1 services/button_service.o
 .bss.mag_offsets
                0x008004d8        0xc services/eCompass_service.o
 .bss.status_cb
                0x008004e4        0x2 services/eCompass_service.o
 .bss.rx_rb     0x008004e6        0x5 services/uart_service.o
 .bss.rx_storage
                0x008004eb       0x40 services/uart_service.o
 .bss.current_state
                0x0080052b        0x1 state/state.o
 .bss.timer_flag
                0x0080052c        0x1 timer/timer.o
 .bss.buf.11930
                0x0080052d       0x80 u8g2/csrc/u8g2_d_memory.o
 *(COMMON)
 COMMON         0x008005ad       0x76 lcd.o
                0x008005ad                u8g2
 COMMON         0x00800623       0x40 main.o
                0x00800623                buff
 COMMON         0x00800663       0x42 u8g2/csrc/u8g2_polygon.o
                0x00800663                u8g2_pg
                0x008006a5                PROVIDE (__bss_end, .)
                0x00006944                __data_load_start = LOADADDR (.data)
                0x00006cfc                __data_load_end = (__data_load_start + SIZEOF (.data))

.noinit         0x008006a5        0x0
                [!provide]                PROVIDE (__noinit_start, .)
 *(.noinit*)
                [!provide]                PROVIDE (__noinit_end, .)
                0x008006a5                _end = .
                [!provide]                PROVIDE (__heap_start, .)

.eeprom         0x00810000       0x10
 *(.eeprom*)
 .eeprom        0x00810000       0x10 services/eCompass_service.o
                0x00810000                mag_eeprom
                0x00810010                __eeprom_end = .

.fuse
 *(.fuse)
 *(.lfuse)
 *(.hfuse)
 *(.efuse)

.lock
 *(.lock*)

.signature
 *(.signature*)

.user_signatures
 *(.user_signatures*)

.stab
 *(.stab)

.stabstr
 *(.stabstr)

.stab.excl
 *(.stab.excl)

.stab.exclstr
 *(.stab.exclstr)

.stab.index
 *(.stab.index)

.stab.indexstr
 *(.stab.indexstr)

.comment        0x00000000       0x5c
 *(.comment)
 .comment       0x00000000       0x30 hal/btn/btn_hal.o
                                 0x31 (size before relaxing)
 .comment       0x00000030       0x31 hal/spi/spi_hal.o
 .comment       0x00000030       0x31 hal/twi/twi_hal.o
 .comment       0x00000030       0x31 hal/uart_hal/uart_hal.o
 .comment       0x00000030       0x31 drivers/lsm303agr.o
 .comment       0x00000030       0x31 lcd.o
 .comment       0x00000030       0x31 main.o
 .comment       0x00000030       0x31 math/atan.o
 .comment       0x00000030       0x31 math/idiv.o
 .comment       0x00000030       0x31 math/itrig.o
 .comment       0x00000030       0x31 math/mag_calibration.o
 .comment       0x00000030       0x31 math/sin.o
 .comment       0x00000030       0x31 math/tiltcomp.o
 .comment       0x00000030       0x31 services/button_service.o
 .comment       0x00000030       0x31 services/eCompass_service.o
 .comment       0x00000030       0x31 services/twi_service.o
 .comment       0x00000030       0x31 services/uart_service.o
 .comment       0x00000030       0x31 state/state.o
 .comment       0x00000030       0x31 state/state_machine.o
 .comment       0x00000030       0x31 timer/timer.o
 .comment       0x00000030       0x31 u8g2/csrc/u8g2_buffer.o
 .comment       0x00000030       0x31 u8g2/csrc/u8g2_circle.o
 .comment       0x00000030       0x31 u8g2/csrc/u8g2_d_memory.o
 .comment       0x00000030       0x31 u8g2/csrc/u8g2_d_setup.o
 .comment       0x00000030       0x31 u8g2/csrc/u8g2_font.o
 .comment       0x00000030       0x31 u8g2/csrc/u8g2_fonts.o
 .comment       0x00000030       0x31 u8g2/csrc/u8g2_hvline.o
 .comment       0x00000030       0x31 u8g2/csrc/u8g2_intersection.o
 .comment       0x00000030       0x31 u8g2/csrc/u8g2_line.o
 .comment       0x00000030       0x31 u8g2/csrc/u8g2_ll_hvline.o
 .comment       0x00000030       0x31 u8g2/csrc/u8g2_polygon.o
 .comment       0x00000030       0x31 u8g2/csrc/u8g2_setup.o
 .comment       0x00000030       0x31 u8g2/csrc/u8x8_8x8.o
 .comment       0x00000030       0x31 u8g2/csrc/u8x8_byte.o
 .comment       0x00000030       0x31 u8g2/csrc/u8x8_cad.o
 .comment       0x00000030       0x31 u8g2/csrc/u8x8_display.o
 .comment       0x00000030       0x31 u8g2/csrc/u8x8_d_st7565.o
 .comment       0x00000030       0x31 u8g2/csrc/u8x8_gpio.o
 .comment       0x00000030       0x31 u8g2/csrc/u8x8_setup.o
 .comment       0x00000030       0x31 u8g2/lib/u8x8_avr.o
 .comment       0x00000030       0x31 utils/led.o
 .comment       0x00000030       0x31 utils/ring_buffer.o
 .comment       0x00000030       0x31 c:/program files (x86)/atmel/studio/7.0/toolchain/avr8/avr8-gnu-toolchain/bin/../lib/gcc/avr/5.4.0/../../../../avr/lib/avr5\libc.a(snprintf.o)
 .comment       0x00000030       0x2c c:/program files (x86)/atmel/studio/7.0/toolchain/avr8/avr8-gnu-toolchain/bin/../lib/gcc/avr/5.4.0/../../../../avr/lib/avr5\libc.a(vfprintf_std.o)
                                 0x2d (size before relaxing)
 .comment       0x0000005c       0x31 c:/program files (x86)/atmel/studio/7.0/toolchain/avr8/avr8-gnu-toolchain/bin/../lib/gcc/avr/5.4.0/../../../../avr/lib/avr5\libc.a(fputc.o)

.note.gnu.avr.deviceinfo
                0x00000000       0x40
 .note.gnu.avr.deviceinfo
                0x00000000       0x40 C:/Program Files (x86)/Atmel/Studio/7.0/Packs/atmel/ATmega_DFP/1.7.374/gcc/dev/atmega328p/avr5/crtatmega328p.o

.note.gnu.build-id
 *(.note.gnu.build-id)

.debug
 *(.debug)

.line
 *(.line)

.debug_srcinfo
 *(.debug_srcinfo)

.debug_sfnames
 *(.debug_sfnames)

.debug_aranges  0x00000000     0x37d8
 *(.debug_aranges)
 .debug_aranges
                0x00000000       0x50 hal/btn/btn_hal.o
 .debug_aranges
                0x00000050       0x20 hal/spi/spi_hal.o
 .debug_aranges
                0x00000070       0x70 hal/twi/twi_hal.o
 .debug_aranges
                0x000000e0       0x40 hal/uart_hal/uart_hal.o
 .debug_aranges
                0x00000120       0xb0 drivers/lsm303agr.o
 .debug_aranges
                0x000001d0       0x98 lcd.o
 .debug_aranges
                0x00000268       0x40 main.o
 .debug_aranges
                0x000002a8       0x28 math/atan.o
 .debug_aranges
                0x000002d0       0x20 math/idiv.o
 .debug_aranges
                0x000002f0       0x20 math/itrig.o
 .debug_aranges
                0x00000310       0x38 math/mag_calibration.o
 .debug_aranges
                0x00000348       0x28 math/sin.o
 .debug_aranges
                0x00000370       0x38 math/tiltcomp.o
 .debug_aranges
                0x000003a8       0x38 services/button_service.o
 .debug_aranges
                0x000003e0       0xb0 services/eCompass_service.o
 .debug_aranges
                0x00000490       0x30 services/twi_service.o
 .debug_aranges
                0x000004c0       0x58 services/uart_service.o
 .debug_aranges
                0x00000518       0x30 state/state.o
 .debug_aranges
                0x00000548       0x20 state/state_machine.o
 .debug_aranges
                0x00000568       0x48 timer/timer.o
 .debug_aranges
                0x000005b0       0x80 u8g2/csrc/u8g2_buffer.o
 .debug_aranges
                0x00000630       0x78 u8g2/csrc/u8g2_circle.o
 .debug_aranges
                0x000006a8      0x6c0 u8g2/csrc/u8g2_d_memory.o
 .debug_aranges
                0x00000d68     0x2160 u8g2/csrc/u8g2_d_setup.o
 .debug_aranges
                0x00002ec8      0x1e8 u8g2/csrc/u8g2_font.o
 .debug_aranges
                0x000030b0       0x18 u8g2/csrc/u8g2_fonts.o
 .debug_aranges
                0x000030c8       0x50 u8g2/csrc/u8g2_hvline.o
 .debug_aranges
                0x00003118       0x28 u8g2/csrc/u8g2_intersection.o
 .debug_aranges
                0x00003140       0x20 u8g2/csrc/u8g2_line.o
 .debug_aranges
                0x00003160       0x28 u8g2/csrc/u8g2_ll_hvline.o
 .debug_aranges
                0x00003188       0x98 u8g2/csrc/u8g2_polygon.o
 .debug_aranges
                0x00003220       0xc8 u8g2/csrc/u8g2_setup.o
 .debug_aranges
                0x000032e8       0xc8 u8g2/csrc/u8x8_8x8.o
 .debug_aranges
                0x000033b0       0xe0 u8g2/csrc/u8x8_byte.o
 .debug_aranges
                0x00003490       0xd8 u8g2/csrc/u8x8_cad.o
 .debug_aranges
                0x00003568       0x88 u8g2/csrc/u8x8_display.o
 .debug_aranges
                0x000035f0       0x90 u8g2/csrc/u8x8_d_st7565.o
 .debug_aranges
                0x00003680       0x20 u8g2/csrc/u8x8_gpio.o
 .debug_aranges
                0x000036a0       0x38 u8g2/csrc/u8x8_setup.o
 .debug_aranges
                0x000036d8       0x28 u8g2/lib/u8x8_avr.o
 .debug_aranges
                0x00003700       0x38 utils/led.o
 .debug_aranges
                0x00003738       0x40 utils/ring_buffer.o
 .debug_aranges
                0x00003778       0x20 C:/Program Files (x86)/Atmel/Studio/7.0/Packs/atmel/ATmega_DFP/1.7.374/gcc/dev/atmega328p/avr5\libatmega328p.a(eerd_block.o)
 .debug_aranges
                0x00003798       0x20 C:/Program Files (x86)/Atmel/Studio/7.0/Packs/atmel/ATmega_DFP/1.7.374/gcc/dev/atmega328p/avr5\libatmega328p.a(eeupd_block.o)
 .debug_aranges
                0x000037b8       0x20 C:/Program Files (x86)/Atmel/Studio/7.0/Packs/atmel/ATmega_DFP/1.7.374/gcc/dev/atmega328p/avr5\libatmega328p.a(eeupd_byte.o)

.debug_pubnames
 *(.debug_pubnames)

.debug_info     0x00000000    0x6c04b
 *(.debug_info .gnu.linkonce.wi.*)
 .debug_info    0x00000000      0x5f4 C:/Program Files (x86)/Atmel/Studio/7.0/Packs/atmel/ATmega_DFP/1.7.374/gcc/dev/atmega328p/avr5/crtatmega328p.o
 .debug_info    0x000005f4      0x1f9 hal/btn/btn_hal.o
 .debug_info    0x000007ed       0x78 hal/spi/spi_hal.o
 .debug_info    0x00000865      0x4e0 hal/twi/twi_hal.o
 .debug_info    0x00000d45      0x21f hal/uart_hal/uart_hal.o
 .debug_info    0x00000f64      0xebf drivers/lsm303agr.o
 .debug_info    0x00001e23     0x1cb2 lcd.o
 .debug_info    0x00003ad5      0xacd main.o
 .debug_info    0x000045a2      0x1d7 math/atan.o
 .debug_info    0x00004779       0xc0 math/idiv.o
 .debug_info    0x00004839      0x150 math/itrig.o
 .debug_info    0x00004989      0x197 math/mag_calibration.o
 .debug_info    0x00004b20      0x15e math/sin.o
 .debug_info    0x00004c7e      0x2e3 math/tiltcomp.o
 .debug_info    0x00004f61      0x186 services/button_service.o
 .debug_info    0x000050e7      0xbcf services/eCompass_service.o
 .debug_info    0x00005cb6      0x213 services/twi_service.o
 .debug_info    0x00005ec9      0x3ca services/uart_service.o
 .debug_info    0x00006293      0x139 state/state.o
 .debug_info    0x000063cc      0x282 state/state_machine.o
 .debug_info    0x0000664e      0x14b timer/timer.o
 .debug_info    0x00006799      0xe9f u8g2/csrc/u8g2_buffer.o
 .debug_info    0x00007638     0x196f u8g2/csrc/u8g2_circle.o
 .debug_info    0x00008fa7     0x3ca9 u8g2/csrc/u8g2_d_memory.o
 .debug_info    0x0000cc50    0x3c7d5 u8g2/csrc/u8g2_d_setup.o
 .debug_info    0x00049425     0x303f u8g2/csrc/u8g2_font.o
 .debug_info    0x0004c464    0x12aa6 u8g2/csrc/u8g2_fonts.o
 .debug_info    0x0005ef0a      0xc03 u8g2/csrc/u8g2_hvline.o
 .debug_info    0x0005fb0d      0x961 u8g2/csrc/u8g2_intersection.o
 .debug_info    0x0006046e      0x9a8 u8g2/csrc/u8g2_line.o
 .debug_info    0x00060e16      0x9c5 u8g2/csrc/u8g2_ll_hvline.o
 .debug_info    0x000617db     0x11dc u8g2/csrc/u8g2_polygon.o
 .debug_info    0x000629b7     0x125d u8g2/csrc/u8g2_setup.o
 .debug_info    0x00063c14     0x143d u8g2/csrc/u8x8_8x8.o
 .debug_info    0x00065051     0x1a06 u8g2/csrc/u8x8_byte.o
 .debug_info    0x00066a57     0x1e8b u8g2/csrc/u8x8_cad.o
 .debug_info    0x000688e2      0xa22 u8g2/csrc/u8x8_display.o
 .debug_info    0x00069304     0x195e u8g2/csrc/u8x8_d_st7565.o
 .debug_info    0x0006ac62      0x3c9 u8g2/csrc/u8x8_gpio.o
 .debug_info    0x0006b02b      0x52e u8g2/csrc/u8x8_setup.o
 .debug_info    0x0006b559      0x5ce u8g2/lib/u8x8_avr.o
 .debug_info    0x0006bb27      0x111 utils/led.o
 .debug_info    0x0006bc38      0x241 utils/ring_buffer.o
 .debug_info    0x0006be79       0x9b C:/Program Files (x86)/Atmel/Studio/7.0/Packs/atmel/ATmega_DFP/1.7.374/gcc/dev/atmega328p/avr5\libatmega328p.a(eerd_block.o)
 .debug_info    0x0006bf14       0x9c C:/Program Files (x86)/Atmel/Studio/7.0/Packs/atmel/ATmega_DFP/1.7.374/gcc/dev/atmega328p/avr5\libatmega328p.a(eeupd_block.o)
 .debug_info    0x0006bfb0       0x9b C:/Program Files (x86)/Atmel/Studio/7.0/Packs/atmel/ATmega_DFP/1.7.374/gcc/dev/atmega328p/avr5\libatmega328p.a(eeupd_byte.o)

.debug_abbrev   0x00000000     0x44e1
 *(.debug_abbrev)
 .debug_abbrev  0x00000000      0x5a2 C:/Program Files (x86)/Atmel/Studio/7.0/Packs/atmel/ATmega_DFP/1.7.374/gcc/dev/atmega328p/avr5/crtatmega328p.o
 .debug_abbrev  0x000005a2       0xfb hal/btn/btn_hal.o
 .debug_abbrev  0x0000069d       0x44 hal/spi/spi_hal.o
 .debug_abbrev  0x000006e1      0x1fd hal/twi/twi_hal.o
 .debug_abbrev  0x000008de      0x102 hal/uart_hal/uart_hal.o
 .debug_abbrev  0x000009e0      0x2b6 drivers/lsm303agr.o
 .debug_abbrev  0x00000c96      0x3d1 lcd.o
 .debug_abbrev  0x00001067      0x237 main.o
 .debug_abbrev  0x0000129e       0xe8 math/atan.o
 .debug_abbrev  0x00001386       0x71 math/idiv.o
 .debug_abbrev  0x000013f7       0xa3 math/itrig.o
 .debug_abbrev  0x0000149a      0x104 math/mag_calibration.o
 .debug_abbrev  0x0000159e       0xb5 math/sin.o
 .debug_abbrev  0x00001653       0xf1 math/tiltcomp.o
 .debug_abbrev  0x00001744       0xe9 services/button_service.o
 .debug_abbrev  0x0000182d      0x358 services/eCompass_service.o
 .debug_abbrev  0x00001b85       0xbf services/twi_service.o
 .debug_abbrev  0x00001c44      0x14b services/uart_service.o
 .debug_abbrev  0x00001d8f       0xde state/state.o
 .debug_abbrev  0x00001e6d       0xcc state/state_machine.o
 .debug_abbrev  0x00001f39       0xd1 timer/timer.o
 .debug_abbrev  0x0000200a      0x1bf u8g2/csrc/u8g2_buffer.o
 .debug_abbrev  0x000021c9      0x1d5 u8g2/csrc/u8g2_circle.o
 .debug_abbrev  0x0000239e       0xd8 u8g2/csrc/u8g2_d_memory.o
 .debug_abbrev  0x00002476      0x187 u8g2/csrc/u8g2_d_setup.o
 .debug_abbrev  0x000025fd      0x310 u8g2/csrc/u8g2_font.o
 .debug_abbrev  0x0000290d       0x88 u8g2/csrc/u8g2_fonts.o
 .debug_abbrev  0x00002995      0x187 u8g2/csrc/u8g2_hvline.o
 .debug_abbrev  0x00002b1c      0x14a u8g2/csrc/u8g2_intersection.o
 .debug_abbrev  0x00002c66      0x15c u8g2/csrc/u8g2_line.o
 .debug_abbrev  0x00002dc2      0x14f u8g2/csrc/u8g2_ll_hvline.o
 .debug_abbrev  0x00002f11      0x272 u8g2/csrc/u8g2_polygon.o
 .debug_abbrev  0x00003183      0x25f u8g2/csrc/u8g2_setup.o
 .debug_abbrev  0x000033e2      0x2b6 u8g2/csrc/u8x8_8x8.o
 .debug_abbrev  0x00003698      0x236 u8g2/csrc/u8x8_byte.o
 .debug_abbrev  0x000038ce      0x278 u8g2/csrc/u8x8_cad.o
 .debug_abbrev  0x00003b46      0x1bf u8g2/csrc/u8x8_display.o
 .debug_abbrev  0x00003d05      0x1bd u8g2/csrc/u8x8_d_st7565.o
 .debug_abbrev  0x00003ec2       0xe9 u8g2/csrc/u8x8_gpio.o
 .debug_abbrev  0x00003fab      0x17a u8g2/csrc/u8x8_setup.o
 .debug_abbrev  0x00004125      0x1d9 u8g2/lib/u8x8_avr.o
 .debug_abbrev  0x000042fe       0x7a utils/led.o
 .debug_abbrev  0x00004378      0x12d utils/ring_buffer.o
 .debug_abbrev  0x000044a5       0x14 C:/Program Files (x86)/Atmel/Studio/7.0/Packs/atmel/ATmega_DFP/1.7.374/gcc/dev/atmega328p/avr5\libatmega328p.a(eerd_block.o)
 .debug_abbrev  0x000044b9       0x14 C:/Program Files (x86)/Atmel/Studio/7.0/Packs/atmel/ATmega_DFP/1.7.374/gcc/dev/atmega328p/avr5\libatmega328p.a(eeupd_block.o)
 .debug_abbrev  0x000044cd       0x14 C:/Program Files (x86)/Atmel/Studio/7.0/Packs/atmel/ATmega_DFP/1.7.374/gcc/dev/atmega328p/avr5\libatmega328p.a(eeupd_byte.o)

.debug_line     0x00000000    0x1554d
 *(.debug_line .debug_line.* .debug_line_end)
 .debug_line    0x00000000      0x134 C:/Program Files (x86)/Atmel/Studio/7.0/Packs/atmel/ATmega_DFP/1.7.374/gcc/dev/atmega328p/avr5/crtatmega328p.o
 .debug_line    0x00000134      0x193 hal/btn/btn_hal.o
 .debug_line    0x000002c7       0x40 hal/spi/spi_hal.o
 .debug_line    0x00000307      0x4b4 hal/twi/twi_hal.o
 .debug_line    0x000007bb      0x1b2 hal/uart_hal/uart_hal.o
 .debug_line    0x0000096d      0x6c4 drivers/lsm303agr.o
 .debug_line    0x00001031      0x82d lcd.o
 .debug_line    0x0000185e      0x4f7 main.o
 .debug_line    0x00001d55      0x1a6 math/atan.o
 .debug_line    0x00001efb       0xd2 math/idiv.o
 .debug_line    0x00001fcd      0x14b math/itrig.o
 .debug_line    0x00002118      0x169 math/mag_calibration.o
 .debug_line    0x00002281       0xd1 math/sin.o
 .debug_line    0x00002352      0x17a math/tiltcomp.o
 .debug_line    0x000024cc      0x136 services/button_service.o
 .debug_line    0x00002602      0x648 services/eCompass_service.o
 .debug_line    0x00002c4a       0xfd services/twi_service.o
 .debug_line    0x00002d47      0x1b8 services/uart_service.o
 .debug_line    0x00002eff       0xdf state/state.o
 .debug_line    0x00002fde      0x1a7 state/state_machine.o
 .debug_line    0x00003185      0x14e timer/timer.o
 .debug_line    0x000032d3      0x3a7 u8g2/csrc/u8g2_buffer.o
 .debug_line    0x0000367a      0x5c9 u8g2/csrc/u8g2_circle.o
 .debug_line    0x00003c43     0x18b5 u8g2/csrc/u8g2_d_memory.o
 .debug_line    0x000054f8     0xabd5 u8g2/csrc/u8g2_d_setup.o
 .debug_line    0x000100cd     0x1064 u8g2/csrc/u8g2_font.o
 .debug_line    0x00011131       0x99 u8g2/csrc/u8g2_fonts.o
 .debug_line    0x000111ca      0x256 u8g2/csrc/u8g2_hvline.o
 .debug_line    0x00011420      0x130 u8g2/csrc/u8g2_intersection.o
 .debug_line    0x00011550      0x188 u8g2/csrc/u8g2_line.o
 .debug_line    0x000116d8      0x239 u8g2/csrc/u8g2_ll_hvline.o
 .debug_line    0x00011911      0x4cf u8g2/csrc/u8g2_polygon.o
 .debug_line    0x00011de0      0x60f u8g2/csrc/u8g2_setup.o
 .debug_line    0x000123ef      0x79d u8g2/csrc/u8x8_8x8.o
 .debug_line    0x00012b8c      0x966 u8g2/csrc/u8x8_byte.o
 .debug_line    0x000134f2      0xc4d u8g2/csrc/u8x8_cad.o
 .debug_line    0x0001413f      0x2c4 u8g2/csrc/u8x8_display.o
 .debug_line    0x00014403      0x7ab u8g2/csrc/u8x8_d_st7565.o
 .debug_line    0x00014bae       0xb8 u8g2/csrc/u8x8_gpio.o
 .debug_line    0x00014c66      0x170 u8g2/csrc/u8x8_setup.o
 .debug_line    0x00014dd6      0x2ce u8g2/lib/u8x8_avr.o
 .debug_line    0x000150a4      0x122 utils/led.o
 .debug_line    0x000151c6      0x181 utils/ring_buffer.o
 .debug_line    0x00015347       0xab C:/Program Files (x86)/Atmel/Studio/7.0/Packs/atmel/ATmega_DFP/1.7.374/gcc/dev/atmega328p/avr5\libatmega328p.a(eerd_block.o)
 .debug_line    0x000153f2       0xa5 C:/Program Files (x86)/Atmel/Studio/7.0/Packs/atmel/ATmega_DFP/1.7.374/gcc/dev/atmega328p/avr5\libatmega328p.a(eeupd_block.o)
 .debug_line    0x00015497       0xb6 C:/Program Files (x86)/Atmel/Studio/7.0/Packs/atmel/ATmega_DFP/1.7.374/gcc/dev/atmega328p/avr5\libatmega328p.a(eeupd_byte.o)

.debug_frame    0x00000000    0x14e00
 *(.debug_frame)
 .debug_frame   0x00000000       0x84 hal/btn/btn_hal.o
 .debug_frame   0x00000084       0x24 hal/spi/spi_hal.o
 .debug_frame   0x000000a8      0x11c hal/twi/twi_hal.o
 .debug_frame   0x000001c4       0xfc hal/uart_hal/uart_hal.o
 .debug_frame   0x000002c0      0x314 drivers/lsm303agr.o
 .debug_frame   0x000005d4      0x494 lcd.o
 .debug_frame   0x00000a68       0xdc main.o
 .debug_frame   0x00000b44       0x84 math/atan.o
 .debug_frame   0x00000bc8       0x24 math/idiv.o
 .debug_frame   0x00000bec       0x6c math/itrig.o
 .debug_frame   0x00000c58       0x6c math/mag_calibration.o
 .debug_frame   0x00000cc4       0x34 math/sin.o
 .debug_frame   0x00000cf8       0xb4 math/tiltcomp.o
 .debug_frame   0x00000dac       0x54 services/button_service.o
 .debug_frame   0x00000e00      0x2e4 services/eCompass_service.o
 .debug_frame   0x000010e4       0x44 services/twi_service.o
 .debug_frame   0x00001128       0xa8 services/uart_service.o
 .debug_frame   0x000011d0       0x44 state/state.o
 .debug_frame   0x00001214       0x34 state/state_machine.o
 .debug_frame   0x00001248       0x84 timer/timer.o
 .debug_frame   0x000012cc      0x1d0 u8g2/csrc/u8g2_buffer.o
 .debug_frame   0x0000149c      0x42c u8g2/csrc/u8g2_circle.o
 .debug_frame   0x000018c8      0xd64 u8g2/csrc/u8g2_d_memory.o
 .debug_frame   0x0000262c    0x10a54 u8g2/csrc/u8g2_d_setup.o
 .debug_frame   0x00013080      0x798 u8g2/csrc/u8g2_font.o
 .debug_frame   0x00013818       0xd4 u8g2/csrc/u8g2_hvline.o
 .debug_frame   0x000138ec       0x5c u8g2/csrc/u8g2_intersection.o
 .debug_frame   0x00013948       0x7c u8g2/csrc/u8g2_line.o
 .debug_frame   0x000139c4       0x64 u8g2/csrc/u8g2_ll_hvline.o
 .debug_frame   0x00013a28      0x210 u8g2/csrc/u8g2_polygon.o
 .debug_frame   0x00013c38      0x240 u8g2/csrc/u8g2_setup.o
 .debug_frame   0x00013e78      0x338 u8g2/csrc/u8x8_8x8.o
 .debug_frame   0x000141b0      0x32c u8g2/csrc/u8x8_byte.o
 .debug_frame   0x000144dc      0x3b4 u8g2/csrc/u8x8_cad.o
 .debug_frame   0x00014890      0x190 u8g2/csrc/u8x8_display.o
 .debug_frame   0x00014a20      0x22c u8g2/csrc/u8x8_d_st7565.o
 .debug_frame   0x00014c4c       0x24 u8g2/csrc/u8x8_gpio.o
 .debug_frame   0x00014c70       0x88 u8g2/csrc/u8x8_setup.o
 .debug_frame   0x00014cf8       0x40 u8g2/lib/u8x8_avr.o
 .debug_frame   0x00014d38       0x54 utils/led.o
 .debug_frame   0x00014d8c       0x74 utils/ring_buffer.o

.debug_str      0x00000000    0x17d2f
 *(.debug_str)
 .debug_str     0x00000000      0x208 C:/Program Files (x86)/Atmel/Studio/7.0/Packs/atmel/ATmega_DFP/1.7.374/gcc/dev/atmega328p/avr5/crtatmega328p.o
 .debug_str     0x00000208      0x21f hal/btn/btn_hal.o
                                0x253 (size before relaxing)
 .debug_str     0x00000427       0x1e hal/spi/spi_hal.o
                                0x171 (size before relaxing)
 .debug_str     0x00000445      0x174 hal/twi/twi_hal.o
                                0x2e0 (size before relaxing)
 .debug_str     0x000005b9       0xda hal/uart_hal/uart_hal.o
                                0x24c (size before relaxing)
 .debug_str     0x00000693      0x3d9 drivers/lsm303agr.o
                                0x604 (size before relaxing)
 .debug_str     0x00000a6c      0xaf4 lcd.o
                                0xd4e (size before relaxing)
 .debug_str     0x00001560      0x23b main.o
                                0x625 (size before relaxing)
 .debug_str     0x0000179b       0x53 math/atan.o
                                0x1b6 (size before relaxing)
 .debug_str     0x000017ee        0xf math/idiv.o
                                0x17a (size before relaxing)
 .debug_str     0x000017fd       0x42 math/itrig.o
                                0x1b7 (size before relaxing)
 .debug_str     0x0000183f       0xa0 math/mag_calibration.o
                                0x220 (size before relaxing)
 .debug_str     0x000018df       0x27 math/sin.o
                                0x1ae (size before relaxing)
 .debug_str     0x00001906       0x7b math/tiltcomp.o
                                0x1f5 (size before relaxing)
 .debug_str     0x00001981       0x7e services/button_service.o
                                0x263 (size before relaxing)
 .debug_str     0x000019ff      0x11a services/eCompass_service.o
                                0x59f (size before relaxing)
 .debug_str     0x00001b19       0x1a services/twi_service.o
                                0x1df (size before relaxing)
 .debug_str     0x00001b33       0xad services/uart_service.o
                                0x2bb (size before relaxing)
 .debug_str     0x00001be0       0x45 state/state.o
                                0x239 (size before relaxing)
 .debug_str     0x00001c25       0x19 state/state_machine.o
                                0x321 (size before relaxing)
 .debug_str     0x00001c3e       0x38 timer/timer.o
                                0x1e2 (size before relaxing)
 .debug_str     0x00001c76      0x1df u8g2/csrc/u8g2_buffer.o
                                0xa30 (size before relaxing)
 .debug_str     0x00001e55      0x176 u8g2/csrc/u8g2_circle.o
                                0x9cd (size before relaxing)
 .debug_str     0x00001fcb      0xc17 u8g2/csrc/u8g2_d_memory.o
                                0xd7b (size before relaxing)
 .debug_str     0x00002be2     0x831b u8g2/csrc/u8g2_d_setup.o
                               0x9770 (size before relaxing)
 .debug_str     0x0000aefd      0x5fe u8g2/csrc/u8g2_font.o
                                0xed4 (size before relaxing)
 .debug_str     0x0000b4fb     0xb68f u8g2/csrc/u8g2_fonts.o
                               0xb829 (size before relaxing)
 .debug_str     0x00016b8a       0x5c u8g2/csrc/u8g2_hvline.o
                                0x8c7 (size before relaxing)
 .debug_str     0x00016be6       0x44 u8g2/csrc/u8g2_intersection.o
                                0x880 (size before relaxing)
 .debug_str     0x00016c2a       0x26 u8g2/csrc/u8g2_line.o
                                0x87e (size before relaxing)
 .debug_str     0x00016c50       0x6b u8g2/csrc/u8g2_ll_hvline.o
                                0x8af (size before relaxing)
 .debug_str     0x00016cbb      0x1aa u8g2/csrc/u8g2_polygon.o
                                0xa1f (size before relaxing)
 .debug_str     0x00016e65      0x269 u8g2/csrc/u8g2_setup.o
                                0xb27 (size before relaxing)
 .debug_str     0x000170ce      0x1b8 u8g2/csrc/u8x8_8x8.o
                                0x61c (size before relaxing)
 .debug_str     0x00017286      0x1fc u8g2/csrc/u8x8_byte.o
                                0x635 (size before relaxing)
 .debug_str     0x00017482      0x1e0 u8g2/csrc/u8x8_cad.o
                                0x6c1 (size before relaxing)
 .debug_str     0x00017662      0x11d u8g2/csrc/u8x8_display.o
                                0x5ab (size before relaxing)
 .debug_str     0x0001777f      0x4c0 u8g2/csrc/u8x8_d_st7565.o
                                0x9d0 (size before relaxing)
 .debug_str     0x00017c3f       0x19 u8g2/csrc/u8x8_gpio.o
                                0x439 (size before relaxing)
 .debug_str     0x00017c58       0x61 u8g2/csrc/u8x8_setup.o
                                0x4dc (size before relaxing)
 .debug_str     0x00017cb9       0x2c u8g2/lib/u8x8_avr.o
                                0x4c8 (size before relaxing)
 .debug_str     0x00017ce5       0x29 utils/led.o
                                0x18d (size before relaxing)
 .debug_str     0x00017d0e       0x21 utils/ring_buffer.o
                                0x1ef (size before relaxing)

.debug_loc      0x00000000    0x806a9
 *(.debug_loc)
 .debug_loc     0x00000000      0x6bb hal/twi/twi_hal.o
 .debug_loc     0x000006bb      0x353 hal/uart_hal/uart_hal.o
 .debug_loc     0x00000a0e     0x1038 drivers/lsm303agr.o
 .debug_loc     0x00001a46     0x1247 lcd.o
 .debug_loc     0x00002c8d      0x314 main.o
 .debug_loc     0x00002fa1      0x3b2 math/atan.o
 .debug_loc     0x00003353       0xe2 math/idiv.o
 .debug_loc     0x00003435      0x25e math/itrig.o
 .debug_loc     0x00003693      0x118 math/mag_calibration.o
 .debug_loc     0x000037ab       0x96 math/sin.o
 .debug_loc     0x00003841      0x2c3 math/tiltcomp.o
 .debug_loc     0x00003b04       0x28 services/button_service.o
 .debug_loc     0x00003b2c      0xaa3 services/eCompass_service.o
 .debug_loc     0x000045cf      0x148 services/twi_service.o
 .debug_loc     0x00004717      0x17e services/uart_service.o
 .debug_loc     0x00004895       0xe9 state/state.o
 .debug_loc     0x0000497e       0x48 state/state_machine.o
 .debug_loc     0x000049c6       0x90 timer/timer.o
 .debug_loc     0x00004a56      0x8ec u8g2/csrc/u8g2_buffer.o
 .debug_loc     0x00005342     0x24c6 u8g2/csrc/u8g2_circle.o
 .debug_loc     0x00007808     0x2148 u8g2/csrc/u8g2_d_memory.o
 .debug_loc     0x00009950    0x69906 u8g2/csrc/u8g2_d_setup.o
 .debug_loc     0x00073256     0x3a59 u8g2/csrc/u8g2_font.o
 .debug_loc     0x00076caf      0x66a u8g2/csrc/u8g2_hvline.o
 .debug_loc     0x00077319      0x227 u8g2/csrc/u8g2_intersection.o
 .debug_loc     0x00077540      0x3c7 u8g2/csrc/u8g2_line.o
 .debug_loc     0x00077907      0x3e1 u8g2/csrc/u8g2_ll_hvline.o
 .debug_loc     0x00077ce8      0xbcd u8g2/csrc/u8g2_polygon.o
 .debug_loc     0x000788b5      0xed7 u8g2/csrc/u8g2_setup.o
 .debug_loc     0x0007978c     0x187f u8g2/csrc/u8x8_8x8.o
 .debug_loc     0x0007b00b     0x1470 u8g2/csrc/u8x8_byte.o
 .debug_loc     0x0007c47b     0x22a0 u8g2/csrc/u8x8_cad.o
 .debug_loc     0x0007e71b      0x5ed u8g2/csrc/u8x8_display.o
 .debug_loc     0x0007ed08      0xfc2 u8g2/csrc/u8x8_d_st7565.o
 .debug_loc     0x0007fcca       0x68 u8g2/csrc/u8x8_gpio.o
 .debug_loc     0x0007fd32      0x2df u8g2/csrc/u8x8_setup.o
 .debug_loc     0x00080011      0x4b8 u8g2/lib/u8x8_avr.o
 .debug_loc     0x000804c9       0x84 utils/led.o
 .debug_loc     0x0008054d      0x15c utils/ring_buffer.o

.debug_macinfo
 *(.debug_macinfo)

.debug_weaknames
 *(.debug_weaknames)

.debug_funcnames
 *(.debug_funcnames)

.debug_typenames
 *(.debug_typenames)

.debug_varnames
 *(.debug_varnames)

.debug_pubtypes
 *(.debug_pubtypes)

.debug_ranges   0x00000000     0x3530
 *(.debug_ranges)
 .debug_ranges  0x00000000       0x40 hal/btn/btn_hal.o
 .debug_ranges  0x00000040       0x10 hal/spi/spi_hal.o
 .debug_ranges  0x00000050       0x78 hal/twi/twi_hal.o
 .debug_ranges  0x000000c8       0x30 hal/uart_hal/uart_hal.o
 .debug_ranges  0x000000f8       0xa0 drivers/lsm303agr.o
 .debug_ranges  0x00000198       0xa0 lcd.o
 .debug_ranges  0x00000238       0x30 main.o
 .debug_ranges  0x00000268       0x18 math/atan.o
 .debug_ranges  0x00000280       0x10 math/idiv.o
 .debug_ranges  0x00000290       0x10 math/itrig.o
 .debug_ranges  0x000002a0       0x28 math/mag_calibration.o
 .debug_ranges  0x000002c8       0x18 math/sin.o
 .debug_ranges  0x000002e0       0x28 math/tiltcomp.o
 .debug_ranges  0x00000308       0x28 services/button_service.o
 .debug_ranges  0x00000330       0xd0 services/eCompass_service.o
 .debug_ranges  0x00000400       0x20 services/twi_service.o
 .debug_ranges  0x00000420       0x48 services/uart_service.o
 .debug_ranges  0x00000468       0x20 state/state.o
 .debug_ranges  0x00000488       0x10 state/state_machine.o
 .debug_ranges  0x00000498       0x38 timer/timer.o
 .debug_ranges  0x000004d0       0x70 u8g2/csrc/u8g2_buffer.o
 .debug_ranges  0x00000540       0x68 u8g2/csrc/u8g2_circle.o
 .debug_ranges  0x000005a8      0x6b0 u8g2/csrc/u8g2_d_memory.o
 .debug_ranges  0x00000c58     0x2150 u8g2/csrc/u8g2_d_setup.o
 .debug_ranges  0x00002da8      0x1d8 u8g2/csrc/u8g2_font.o
 .debug_ranges  0x00002f80       0x40 u8g2/csrc/u8g2_hvline.o
 .debug_ranges  0x00002fc0       0x18 u8g2/csrc/u8g2_intersection.o
 .debug_ranges  0x00002fd8       0x10 u8g2/csrc/u8g2_line.o
 .debug_ranges  0x00002fe8       0x18 u8g2/csrc/u8g2_ll_hvline.o
 .debug_ranges  0x00003000       0x88 u8g2/csrc/u8g2_polygon.o
 .debug_ranges  0x00003088       0xb8 u8g2/csrc/u8g2_setup.o
 .debug_ranges  0x00003140       0xb8 u8g2/csrc/u8x8_8x8.o
 .debug_ranges  0x000031f8       0xd0 u8g2/csrc/u8x8_byte.o
 .debug_ranges  0x000032c8       0xc8 u8g2/csrc/u8x8_cad.o
 .debug_ranges  0x00003390       0x78 u8g2/csrc/u8x8_display.o
 .debug_ranges  0x00003408       0x80 u8g2/csrc/u8x8_d_st7565.o
 .debug_ranges  0x00003488       0x10 u8g2/csrc/u8x8_gpio.o
 .debug_ranges  0x00003498       0x28 u8g2/csrc/u8x8_setup.o
 .debug_ranges  0x000034c0       0x18 u8g2/lib/u8x8_avr.o
 .debug_ranges  0x000034d8       0x28 utils/led.o
 .debug_ranges  0x00003500       0x30 utils/ring_buffer.o

.debug_macro
 *(.debug_macro)
OUTPUT(eCompass.elf elf32-avr)
LOAD linker stubs
